Archive member included to satisfy reference by file (symbol)

e:/programowanie/stm32_toolchain/5.2 2015q4/bin/../lib/gcc/arm-none-eabi/5.2.1/../../../../arm-none-eabi/lib/armv7e-m/fpu/fpv5-sp-d16\libg_nano.a(lib_a-errno.o)
                              ./system/src/newlib/_sbrk.o (__errno)
e:/programowanie/stm32_toolchain/5.2 2015q4/bin/../lib/gcc/arm-none-eabi/5.2.1/../../../../arm-none-eabi/lib/armv7e-m/fpu/fpv5-sp-d16\libg_nano.a(lib_a-impure.o)
                              e:/programowanie/stm32_toolchain/5.2 2015q4/bin/../lib/gcc/arm-none-eabi/5.2.1/../../../../arm-none-eabi/lib/armv7e-m/fpu/fpv5-sp-d16\libg_nano.a(lib_a-errno.o) (_impure_ptr)
e:/programowanie/stm32_toolchain/5.2 2015q4/bin/../lib/gcc/arm-none-eabi/5.2.1/../../../../arm-none-eabi/lib/armv7e-m/fpu/fpv5-sp-d16\libg_nano.a(lib_a-memcpy-stub.o)
                              ./FreeRTOS/queue.o (memcpy)
e:/programowanie/stm32_toolchain/5.2 2015q4/bin/../lib/gcc/arm-none-eabi/5.2.1/../../../../arm-none-eabi/lib/armv7e-m/fpu/fpv5-sp-d16\libg_nano.a(lib_a-memset.o)
                              ./FreeRTOS/tasks.o (memset)
e:/programowanie/stm32_toolchain/5.2 2015q4/bin/../lib/gcc/arm-none-eabi/5.2.1/../../../../arm-none-eabi/lib/armv7e-m/fpu/fpv5-sp-d16\libg_nano.a(lib_a-sprintf.o)
                              ./FreeRTOS/tasks.o (sprintf)
e:/programowanie/stm32_toolchain/5.2 2015q4/bin/../lib/gcc/arm-none-eabi/5.2.1/../../../../arm-none-eabi/lib/armv7e-m/fpu/fpv5-sp-d16\libg_nano.a(lib_a-strcpy.o)
                              ./FreeRTOS/tasks.o (strcpy)
e:/programowanie/stm32_toolchain/5.2 2015q4/bin/../lib/gcc/arm-none-eabi/5.2.1/../../../../arm-none-eabi/lib/armv7e-m/fpu/fpv5-sp-d16\libg_nano.a(lib_a-strlen.o)
                              ./system/src/diag/Trace.o (strlen)
e:/programowanie/stm32_toolchain/5.2 2015q4/bin/../lib/gcc/arm-none-eabi/5.2.1/../../../../arm-none-eabi/lib/armv7e-m/fpu/fpv5-sp-d16\libg_nano.a(lib_a-vsnprintf.o)
                              ./system/src/diag/Trace.o (vsnprintf)
e:/programowanie/stm32_toolchain/5.2 2015q4/bin/../lib/gcc/arm-none-eabi/5.2.1/../../../../arm-none-eabi/lib/armv7e-m/fpu/fpv5-sp-d16\libg_nano.a(lib_a-nano-svfprintf.o)
                              e:/programowanie/stm32_toolchain/5.2 2015q4/bin/../lib/gcc/arm-none-eabi/5.2.1/../../../../arm-none-eabi/lib/armv7e-m/fpu/fpv5-sp-d16\libg_nano.a(lib_a-sprintf.o) (_svfprintf_r)
e:/programowanie/stm32_toolchain/5.2 2015q4/bin/../lib/gcc/arm-none-eabi/5.2.1/../../../../arm-none-eabi/lib/armv7e-m/fpu/fpv5-sp-d16\libg_nano.a(lib_a-nano-vfprintf_i.o)
                              e:/programowanie/stm32_toolchain/5.2 2015q4/bin/../lib/gcc/arm-none-eabi/5.2.1/../../../../arm-none-eabi/lib/armv7e-m/fpu/fpv5-sp-d16\libg_nano.a(lib_a-nano-svfprintf.o) (_printf_i)
e:/programowanie/stm32_toolchain/5.2 2015q4/bin/../lib/gcc/arm-none-eabi/5.2.1/../../../../arm-none-eabi/lib/armv7e-m/fpu/fpv5-sp-d16\libg_nano.a(lib_a-memchr.o)
                              e:/programowanie/stm32_toolchain/5.2 2015q4/bin/../lib/gcc/arm-none-eabi/5.2.1/../../../../arm-none-eabi/lib/armv7e-m/fpu/fpv5-sp-d16\libg_nano.a(lib_a-nano-svfprintf.o) (memchr)
e:/programowanie/stm32_toolchain/5.2 2015q4/bin/../lib/gcc/arm-none-eabi/5.2.1/../../../../arm-none-eabi/lib/armv7e-m/fpu/fpv5-sp-d16\libg_nano.a(lib_a-memmove.o)
                              e:/programowanie/stm32_toolchain/5.2 2015q4/bin/../lib/gcc/arm-none-eabi/5.2.1/../../../../arm-none-eabi/lib/armv7e-m/fpu/fpv5-sp-d16\libg_nano.a(lib_a-nano-svfprintf.o) (memmove)
e:/programowanie/stm32_toolchain/5.2 2015q4/bin/../lib/gcc/arm-none-eabi/5.2.1/../../../../arm-none-eabi/lib/armv7e-m/fpu/fpv5-sp-d16\libg_nano.a(lib_a-nano-freer.o)
                              e:/programowanie/stm32_toolchain/5.2 2015q4/bin/../lib/gcc/arm-none-eabi/5.2.1/../../../../arm-none-eabi/lib/armv7e-m/fpu/fpv5-sp-d16\libg_nano.a(lib_a-nano-svfprintf.o) (_free_r)
e:/programowanie/stm32_toolchain/5.2 2015q4/bin/../lib/gcc/arm-none-eabi/5.2.1/../../../../arm-none-eabi/lib/armv7e-m/fpu/fpv5-sp-d16\libg_nano.a(lib_a-nano-mallocr.o)
                              e:/programowanie/stm32_toolchain/5.2 2015q4/bin/../lib/gcc/arm-none-eabi/5.2.1/../../../../arm-none-eabi/lib/armv7e-m/fpu/fpv5-sp-d16\libg_nano.a(lib_a-nano-svfprintf.o) (_malloc_r)
e:/programowanie/stm32_toolchain/5.2 2015q4/bin/../lib/gcc/arm-none-eabi/5.2.1/../../../../arm-none-eabi/lib/armv7e-m/fpu/fpv5-sp-d16\libg_nano.a(lib_a-nano-reallocr.o)
                              e:/programowanie/stm32_toolchain/5.2 2015q4/bin/../lib/gcc/arm-none-eabi/5.2.1/../../../../arm-none-eabi/lib/armv7e-m/fpu/fpv5-sp-d16\libg_nano.a(lib_a-nano-svfprintf.o) (_realloc_r)
e:/programowanie/stm32_toolchain/5.2 2015q4/bin/../lib/gcc/arm-none-eabi/5.2.1/../../../../arm-none-eabi/lib/armv7e-m/fpu/fpv5-sp-d16\libg_nano.a(lib_a-sbrkr.o)
[...]
Memory Configuration

Name             Origin             Length             Attributes
RAM              0x20000000         0x00050000         xrw
CCMRAM           0x10000000         0x00000000         xrw
FLASH            0x08000000         0x00100000         xr
FLASHB1          0x00000000         0x00000000         xr
EXTMEMB0         0x00000000         0x00000000         xr
EXTMEMB1         0x00000000         0x00000000         xr
EXTMEMB2         0x00000000         0x00000000         xr
EXTMEMB3         0x00000000         0x00000000         xr
SDRAM            0xc0000000         0x00800000         xrw
*default*        0x00000000         0xffffffff

Linker script and memory map

LOAD ./system/src/stm32f7-hal/stm32f7xx_hal.o
LOAD ./system/src/stm32f7-hal/stm32f7xx_hal_cortex.o
LOAD ./system/src/stm32f7-hal/stm32f7xx_hal_crc_ex.o
LOAD ./system/src/stm32f7-hal/stm32f7xx_hal_flash.o
LOAD ./system/src/stm32f7-hal/stm32f7xx_hal_gpio.o
LOAD ./system/src/stm32f7-hal/stm32f7xx_hal_iwdg.o
LOAD ./system/src/stm32f7-hal/stm32f7xx_hal_pwr.o
LOAD ./system/src/stm32f7-hal/stm32f7xx_hal_pwr_ex.o
LOAD ./system/src/stm32f7-hal/stm32f7xx_hal_rcc.o
LOAD ./system/src/stm32f7-hal/stm32f7xx_hal_rcc_ex.o
LOAD ./system/src/stm32f7-hal/stm32f7xx_hal_sdram.o
LOAD ./system/src/stm32f7-hal/stm32f7xx_hal_smartcard_ex.o
LOAD ./system/src/stm32f7-hal/stm32f7xx_ll_fmc.o
LOAD ./system/src/newlib/_cxx.o
LOAD ./system/src/newlib/_exit.o
LOAD ./system/src/newlib/_sbrk.o
LOAD ./system/src/newlib/_startup.o
LOAD ./system/src/newlib/_syscalls.o
LOAD ./system/src/newlib/assert.o
LOAD ./system/src/diag/Trace.o
LOAD ./system/src/diag/trace_impl.o
LOAD ./system/src/cortexm/_initialize_hardware.o
LOAD ./system/src/cortexm/_reset_hardware.o
LOAD ./system/src/cortexm/exception_handlers.o
LOAD ./system/src/cmsis/system_stm32f7xx.o
LOAD ./system/src/cmsis/vectors_stm32f746xx.o
LOAD ./src/_initialize_hardware.o
LOAD ./src/_write.o
LOAD ./src/main.o
LOAD ./src/stm32f7xx_hal_msp.o
LOAD ./FreeRTOS/portable/MemMang/heap_4.o
LOAD ./FreeRTOS/portable/GCC/ARM_CM7/r0p1/port.o
LOAD ./FreeRTOS/croutine.o
LOAD ./FreeRTOS/event_groups.o
LOAD ./FreeRTOS/list.o
LOAD ./FreeRTOS/queue.o
LOAD ./FreeRTOS/tasks.o
LOAD ./FreeRTOS/timers.o
LOAD e:/programowanie/stm32_toolchain/5.2 2015q4/bin/../lib/gcc/arm-none-eabi/5.2.1/../../../../arm-none-eabi/lib/armv7e-m/fpu/fpv5-sp-d16\libstdc++_nano.a
LOAD e:/programowanie/stm32_toolchain/5.2 2015q4/bin/../lib/gcc/arm-none-eabi/5.2.1/../../../../arm-none-eabi/lib/armv7e-m/fpu/fpv5-sp-d16\libm.a
START GROUP
LOAD e:/programowanie/stm32_toolchain/5.2 2015q4/bin/../lib/gcc/arm-none-eabi/5.2.1/armv7e-m/fpu/fpv5-sp-d16\libgcc.a
LOAD e:/programowanie/stm32_toolchain/5.2 2015q4/bin/../lib/gcc/arm-none-eabi/5.2.1/../../../../arm-none-eabi/lib/armv7e-m/fpu/fpv5-sp-d16\libg_nano.a
LOAD e:/programowanie/stm32_toolchain/5.2 2015q4/bin/../lib/gcc/arm-none-eabi/5.2.1/../../../../arm-none-eabi/lib/armv7e-m/fpu/fpv5-sp-d16\libc_nano.a
END GROUP
START GROUP
LOAD e:/programowanie/stm32_toolchain/5.2 2015q4/bin/../lib/gcc/arm-none-eabi/5.2.1/armv7e-m/fpu/fpv5-sp-d16\libgcc.a
LOAD e:/programowanie/stm32_toolchain/5.2 2015q4/bin/../lib/gcc/arm-none-eabi/5.2.1/../../../../arm-none-eabi/lib/armv7e-m/fpu/fpv5-sp-d16\libc_nano.a
END GROUP
                0x20050000                __stack = (ORIGIN (RAM) + LENGTH (RAM))
                0x20050000                _estack = __stack
                0x00000400                __Main_Stack_Size = 0x400
                [!provide]                PROVIDE (_Main_Stack_Size, __Main_Stack_Size)
                0x2004fc00                __Main_Stack_Limit = (__stack - __Main_Stack_Size)
                [!provide]                PROVIDE (_Main_Stack_Limit, __Main_Stack_Limit)
                0x00000100                _Minimum_Stack_Size = 0x100
                0x20012e88                PROVIDE (_Heap_Begin, _end_noinit)
                0x2004fc00                PROVIDE (_Heap_Limit, (__stack - __Main_Stack_Size))

.isr_vector     0x08000000      0x42c
 FILL mask 0xff
                0x08000000                __vectors_start = ABSOLUTE (.)
                0x08000000                __vectors_start__ = ABSOLUTE (.)
 *(.isr_vector)
 .isr_vector    0x08000000      0x1c8 ./system/src/cmsis/vectors_stm32f746xx.o
                0x08000000                __isr_vectors
 *(.cfmconfig)
 *(.after_vectors .after_vectors.*)
 .after_vectors
                0x080001c8      0x130 ./system/src/newlib/_startup.o
                0x080001c8                _start
 .after_vectors
                0x080002f8      0x130 ./system/src/cortexm/exception_handlers.o
                0x080002f8                Reset_Handler
                0x08000300                NMI_Handler
                0x08000304                HardFault_Handler
                0x08000318                HardFault_Handler_C
                0x08000378                MemManage_Handler
                0x0800037c                BusFault_Handler
                0x08000390                BusFault_Handler_C
                0x080003c4                UsageFault_Handler
                0x080003d8                UsageFault_Handler_C
                0x08000410                DebugMon_Handler
 .after_vectors
                0x08000428        0x4 ./system/src/cmsis/vectors_stm32f746xx.o
                0x08000428                RTC_Alarm_IRQHandler
                0x08000428                EXTI2_IRQHandler
                0x08000428                TIM8_CC_IRQHandler
                0x08000428                UART8_IRQHandler
                0x08000428                SPI4_IRQHandler
                0x08000428                TIM1_CC_IRQHandler
                0x08000428                DMA2_Stream5_IRQHandler
                0x08000428                DMA1_Stream5_IRQHandler
                0x08000428                PVD_IRQHandler
                0x08000428                TAMP_STAMP_IRQHandler
                0x08000428                CAN2_RX1_IRQHandler
                0x08000428                EXTI3_IRQHandler
                0x08000428                TIM8_TRG_COM_TIM14_IRQHandler
                0x08000428                TIM1_UP_TIM10_IRQHandler
                0x08000428                TIM8_UP_TIM13_IRQHandler
                0x08000428                I2C3_ER_IRQHandler
                0x08000428                EXTI0_IRQHandler
                0x08000428                I2C2_EV_IRQHandler
                0x08000428                DMA1_Stream2_IRQHandler
                0x08000428                CAN1_RX0_IRQHandler
                0x08000428                FPU_IRQHandler
                0x08000428                OTG_HS_WKUP_IRQHandler
                0x08000428                LTDC_ER_IRQHandler
                0x08000428                CAN2_SCE_IRQHandler
                0x08000428                DMA2_Stream2_IRQHandler
                0x08000428                SPI1_IRQHandler
                0x08000428                TIM6_DAC_IRQHandler
                0x08000428                TIM1_BRK_TIM9_IRQHandler
                0x08000428                DCMI_IRQHandler
                0x08000428                CAN2_RX0_IRQHandler
                0x08000428                DMA2_Stream3_IRQHandler
                0x08000428                SAI2_IRQHandler
                0x08000428                USART6_IRQHandler
                0x08000428                USART3_IRQHandler
                0x08000428                CAN1_RX1_IRQHandler
                0x08000428                UART5_IRQHandler
                0x08000428                DMA2_Stream0_IRQHandler
                0x08000428                TIM4_IRQHandler
                0x08000428                QUADSPI_IRQHandler
                0x08000428                I2C1_EV_IRQHandler
                0x08000428                DMA1_Stream6_IRQHandler
                0x08000428                DMA1_Stream1_IRQHandler
                0x08000428                UART4_IRQHandler
                0x08000428                TIM3_IRQHandler
                0x08000428                RCC_IRQHandler
                0x08000428                TIM8_BRK_TIM12_IRQHandler
                0x08000428                Default_Handler
                0x08000428                CEC_IRQHandler
                0x08000428                EXTI15_10_IRQHandler
                0x08000428                ADC_IRQHandler
                0x08000428                DMA1_Stream7_IRQHandler
                0x08000428                SPI5_IRQHandler
                0x08000428                TIM7_IRQHandler
                0x08000428                SDMMC1_IRQHandler
                0x08000428                CAN2_TX_IRQHandler
                0x08000428                TIM5_IRQHandler
                0x08000428                DMA2_Stream7_IRQHandler
                0x08000428                I2C3_EV_IRQHandler
                0x08000428                EXTI9_5_IRQHandler
                0x08000428                RTC_WKUP_IRQHandler
                0x08000428                LTDC_IRQHandler
                0x08000428                ETH_WKUP_IRQHandler
                0x08000428                SPDIF_RX_IRQHandler
                0x08000428                SPI2_IRQHandler
                0x08000428                OTG_HS_EP1_IN_IRQHandler
                0x08000428                DMA1_Stream0_IRQHandler
                0x08000428                CAN1_TX_IRQHandler
                0x08000428                EXTI4_IRQHandler
                0x08000428                RNG_IRQHandler
                0x08000428                ETH_IRQHandler
                0x08000428                OTG_HS_EP1_OUT_IRQHandler
                0x08000428                WWDG_IRQHandler
                0x08000428                SPI6_IRQHandler
                0x08000428                I2C4_EV_IRQHandler
                0x08000428                TIM2_IRQHandler
                0x08000428                OTG_FS_WKUP_IRQHandler
                0x08000428                TIM1_TRG_COM_TIM11_IRQHandler
                0x08000428                OTG_HS_IRQHandler
                0x08000428                DMA2D_IRQHandler
                0x08000428                EXTI1_IRQHandler
                0x08000428                UART7_IRQHandler
                0x08000428                USART2_IRQHandler
                0x08000428                I2C2_ER_IRQHandler
                0x08000428                DMA2_Stream1_IRQHandler
                0x08000428                CAN1_SCE_IRQHandler
                0x08000428                FLASH_IRQHandler
                0x08000428                DMA2_Stream4_IRQHandler
                0x08000428                USART1_IRQHandler
                0x08000428                OTG_FS_IRQHandler
                0x08000428                SPI3_IRQHandler
                0x08000428                DMA1_Stream4_IRQHandler
                0x08000428                I2C1_ER_IRQHandler
                0x08000428                FMC_IRQHandler
                0x08000428                LPTIM1_IRQHandler
                0x08000428                I2C4_ER_IRQHandler
                0x08000428                DMA2_Stream6_IRQHandler
                0x08000428                SAI1_IRQHandler
                0x08000428                DMA1_Stream3_IRQHandler

.inits          0x0800042c       0x28
                0x0800042c                __data_regions_array_start = .
                0x0800042c        0x4 LONG 0x800321c LOADADDR (.data)
                0x08000430        0x4 LONG 0x20000000 ADDR (.data)
                0x08000434        0x4 LONG 0x2000007c (ADDR (.data) + SIZEOF (.data))
                0x08000438        0x4 LONG 0x800321c LOADADDR (.data_CCMRAM)
                0x0800043c        0x4 LONG 0x10000000 ADDR (.data_CCMRAM)
                0x08000440        0x4 LONG 0x10000000 (ADDR (.data_CCMRAM) + SIZEOF (.data_CCMRAM))
                0x08000444                __data_regions_array_end = .
                0x08000444                __bss_regions_array_start = .
                0x08000444        0x4 LONG 0x20000080 ADDR (.bss)
                0x08000448        0x4 LONG 0x20012e88 (ADDR (.bss) + SIZEOF (.bss))
                0x0800044c        0x4 LONG 0x10000000 ADDR (.bss_CCMRAM)
                0x08000450        0x4 LONG 0x10000000 (ADDR (.bss_CCMRAM) + SIZEOF (.bss_CCMRAM))
                0x08000454                __bss_regions_array_end = .
 *(.init)
 *(.fini)
                0x08000454                . = ALIGN (0x4)
                0x08000454                PROVIDE (__preinit_array_start, .)
 *(.preinit_array_sysinit .preinit_array_sysinit.*)
 *(.preinit_array_platform .preinit_array_platform.*)
 *(.preinit_array .preinit_array.*)
                0x08000454                PROVIDE (__preinit_array_end, .)
                0x08000454                . = ALIGN (0x4)
                0x08000454                PROVIDE (__init_array_start, .)
 *(SORT(.init_array.*))
 *(.init_array)
                0x08000454                PROVIDE (__init_array_end, .)
                0x08000454                . = ALIGN (0x4)
                0x08000454                PROVIDE (__fini_array_start, .)
 *(SORT(.fini_array.*))
 *(.fini_array)
                0x08000454                PROVIDE (__fini_array_end, .)

.flashtext
 *(.flashtext .flashtext.*)

.text           0x08000460     0x2db9
 *(.text .text.*)
 .text.HAL_InitTick
                0x08000460       0x28 ./system/src/stm32f7-hal/stm32f7xx_hal.o
                0x08000460                HAL_InitTick
 .text.HAL_Init
                0x08000488       0x24 ./system/src/stm32f7-hal/stm32f7xx_hal.o
                0x08000488                HAL_Init
 .text.HAL_IncTick
                0x080004ac       0x10 ./system/src/stm32f7-hal/stm32f7xx_hal.o
                0x080004ac                HAL_IncTick
 .text.HAL_GetTick
                0x080004bc        0xc ./system/src/stm32f7-hal/stm32f7xx_hal.o
                0x080004bc                HAL_GetTick
 .text.HAL_Delay
                0x080004c8       0x1c ./system/src/stm32f7-hal/stm32f7xx_hal.o
                0x080004c8                HAL_Delay
 .text.HAL_NVIC_SetPriorityGrouping
                0x080004e4       0x3c ./system/src/stm32f7-hal/stm32f7xx_hal_cortex.o
                0x080004e4                HAL_NVIC_SetPriorityGrouping
 .text.HAL_NVIC_SetPriority
                0x08000520       0x80 ./system/src/stm32f7-hal/stm32f7xx_hal_cortex.o
                0x08000520                HAL_NVIC_SetPriority
 .text.HAL_SYSTICK_Config
                0x080005a0       0x2c ./system/src/stm32f7-hal/stm32f7xx_hal_cortex.o
                0x080005a0                HAL_SYSTICK_Config
 .text.HAL_SYSTICK_CLKSourceConfig
                0x080005cc       0x3c ./system/src/stm32f7-hal/stm32f7xx_hal_cortex.o
                0x080005cc                HAL_SYSTICK_CLKSourceConfig
 .text.HAL_GPIO_Init
                0x08000608      0x300 ./system/src/stm32f7-hal/stm32f7xx_hal_gpio.o
                0x08000608                HAL_GPIO_Init
 .text.HAL_GPIO_WritePin
                0x08000908       0x34 ./system/src/stm32f7-hal/stm32f7xx_hal_gpio.o
                0x08000908                HAL_GPIO_WritePin
 .text.HAL_GPIO_TogglePin
                0x0800093c       0x20 ./system/src/stm32f7-hal/stm32f7xx_hal_gpio.o
                0x0800093c                HAL_GPIO_TogglePin
 .text.HAL_PWREx_EnableOverDrive
                0x0800095c       0x80 ./system/src/stm32f7-hal/stm32f7xx_hal_pwr_ex.o
                0x0800095c                HAL_PWREx_EnableOverDrive
 .text.HAL_RCC_OscConfig
                0x080009dc      0x580 ./system/src/stm32f7-hal/stm32f7xx_hal_rcc.o
                0x080009dc                HAL_RCC_OscConfig
 .text.HAL_RCC_ClockConfig
                0x08000f5c      0x340 ./system/src/stm32f7-hal/stm32f7xx_hal_rcc.o
                0x08000f5c                HAL_RCC_ClockConfig
 .text.HAL_RCC_GetSysClockFreq
                0x0800129c       0xa4 ./system/src/stm32f7-hal/stm32f7xx_hal_rcc.o
                0x0800129c                HAL_RCC_GetSysClockFreq
 .text.HAL_RCC_GetHCLKFreq
                0x08001340       0x34 ./system/src/stm32f7-hal/stm32f7xx_hal_rcc.o
                0x08001340                HAL_RCC_GetHCLKFreq
 .text._exit    0x08001374        0x4 ./system/src/newlib/_exit.o
                0x08001374                _exit
 .text.abort    0x08001378       0x14 ./system/src/newlib/_exit.o
                0x08001378                abort
 .text._sbrk    0x0800138c       0x44 ./system/src/newlib/_sbrk.o
                0x0800138c                _sbrk
 .text.__initialize_args
                0x080013d0       0x10 ./system/src/newlib/_syscalls.o
                0x080013d0                __initialize_args
 .text.assert_failed
                0x080013e0       0x14 ./system/src/newlib/assert.o
                0x080013e0                assert_failed
 .text.trace_printf
                0x080013f4       0x30 ./system/src/diag/Trace.o
                0x080013f4                trace_printf
 .text.trace_puts
                0x08001424       0x20 ./system/src/diag/Trace.o
                0x08001424                trace_puts
 .text._trace_write_semihosting_debug
                0x08001444       0x64 ./system/src/diag/trace_impl.o
 .text.trace_write
                0x080014a8        0x8 ./system/src/diag/trace_impl.o
                0x080014a8                trace_write
 .text.__initialize_hardware_early
                0x080014b0       0x24 ./system/src/cortexm/_initialize_hardware.o
                0x080014b0                __initialize_hardware_early
 .text.dumpExceptionStack
                0x080014d4       0xf0 ./system/src/cortexm/exception_handlers.o
                0x080014d4                dumpExceptionStack
 .text.isSemihosting
                0x080015c4       0x20 ./system/src/cortexm/exception_handlers.o
                0x080015c4                isSemihosting
 .text.SystemInit_ExtMemCtl
                0x080015e4      0x1ac ./system/src/cmsis/system_stm32f7xx.o
 .text.SystemInit
                0x08001790       0x50 ./system/src/cmsis/system_stm32f7xx.o
                0x08001790                SystemInit
 .text.SystemCoreClockUpdate
                0x080017e0       0xa0 ./system/src/cmsis/system_stm32f7xx.o
                0x080017e0                SystemCoreClockUpdate
 .text.SYSLED_Init
                0x08001880       0x48 ./src/_initialize_hardware.o
 .text.SDRAM_Test
                0x080018c8       0x48 ./src/_initialize_hardware.o
 .text.SystemClock_Config
                0x08001910       0xa0 ./src/_initialize_hardware.o
                0x08001910                SystemClock_Config
 .text.__initialize_hardware
                0x080019b0       0x8c ./src/_initialize_hardware.o
                0x080019b0                __initialize_hardware
 .text.test_task
                0x08001a3c       0x18 ./src/main.o
                0x08001a3c                test_task
 .text.vApplicationTickHook
                0x08001a54       0x18 ./src/main.o
                0x08001a54                vApplicationTickHook
 .text.vApplicationIdleHook
                0x08001a6c       0x18 ./src/main.o
                0x08001a6c                vApplicationIdleHook
 .text.vApplicationMallocFailedHook
                0x08001a84        0x4 ./src/main.o
                0x08001a84                vApplicationMallocFailedHook
 .text.vApplicationStackOverflowHook
                0x08001a88        0x4 ./src/main.o
                0x08001a88                vApplicationStackOverflowHook
 .text.main     0x08001a8c       0x28 ./src/main.o
                0x08001a8c                main
 .text.HAL_MspInit
                0x08001ab4        0x4 ./src/stm32f7xx_hal_msp.o
                0x08001ab4                HAL_MspInit
 .text.prvHeapInit
                0x08001ab8       0x64 ./FreeRTOS/portable/MemMang/heap_4.o
 .text.prvInsertBlockIntoFreeList
                0x08001b1c       0x58 ./FreeRTOS/portable/MemMang/heap_4.o
 .text.pvPortMalloc
                0x08001b74       0xc4 ./FreeRTOS/portable/MemMang/heap_4.o
                0x08001b74                pvPortMalloc
 .text.vPortFree
                0x08001c38       0x4c ./FreeRTOS/portable/MemMang/heap_4.o
                0x08001c38                vPortFree
 .text.prvTaskExitError
                0x08001c84       0x18 ./FreeRTOS/portable/GCC/ARM_CM7/r0p1/port.o
 .text.prvPortStartFirstTask
                0x08001c9c       0x20 ./FreeRTOS/portable/GCC/ARM_CM7/r0p1/port.o
 .text.vPortEnableVFP
                0x08001cbc       0x14 ./FreeRTOS/portable/GCC/ARM_CM7/r0p1/port.o
 .text.pxPortInitialiseStack
                0x08001cd0       0x28 ./FreeRTOS/portable/GCC/ARM_CM7/r0p1/port.o
                0x08001cd0                pxPortInitialiseStack
 .text.SVC_Handler
                0x08001cf8       0x20 ./FreeRTOS/portable/GCC/ARM_CM7/r0p1/port.o
                0x08001cf8                SVC_Handler
 .text.vPortEnterCritical
                0x08001d18       0x30 ./FreeRTOS/portable/GCC/ARM_CM7/r0p1/port.o
                0x08001d18                vPortEnterCritical
 .text.vPortExitCritical
                0x08001d48       0x14 ./FreeRTOS/portable/GCC/ARM_CM7/r0p1/port.o
                0x08001d48                vPortExitCritical
 .text.PendSV_Handler
                0x08001d5c       0x64 ./FreeRTOS/portable/GCC/ARM_CM7/r0p1/port.o
                0x08001d5c                PendSV_Handler
 .text.SysTick_Handler
                0x08001dc0       0x38 ./FreeRTOS/portable/GCC/ARM_CM7/r0p1/port.o
                0x08001dc0                SysTick_Handler
 .text.vPortSetupTimerInterrupt
                0x08001df8       0x2c ./FreeRTOS/portable/GCC/ARM_CM7/r0p1/port.o
                0x08001df8                vPortSetupTimerInterrupt
 .text.xPortStartScheduler
                0x08001e24       0x9c ./FreeRTOS/portable/GCC/ARM_CM7/r0p1/port.o
                0x08001e24                xPortStartScheduler
 .text.vListInitialise
                0x08001ec0       0x18 ./FreeRTOS/list.o
                0x08001ec0                vListInitialise
 .text.vListInitialiseItem
                0x08001ed8        0x8 ./FreeRTOS/list.o
                0x08001ed8                vListInitialiseItem
 .text.vListInsertEnd
                0x08001ee0       0x18 ./FreeRTOS/list.o
                0x08001ee0                vListInsertEnd
 .text.vListInsert
                0x08001ef8       0x34 ./FreeRTOS/list.o
                0x08001ef8                vListInsert
 .text.uxListRemove
                0x08001f2c       0x24 ./FreeRTOS/list.o
                0x08001f2c                uxListRemove
 .text.prvResetNextTaskUnblockTime
                0x08001f50       0x34 ./FreeRTOS/tasks.o
 .text.prvDeleteTCB
                0x08001f84       0x14 ./FreeRTOS/tasks.o
 .text.prvAllocateTCBAndStack
                0x08001f98       0x3c ./FreeRTOS/tasks.o
 .text.prvInitialiseTCBVariables
                0x08001fd4       0x68 ./FreeRTOS/tasks.o
 .text.prvInitialiseTaskLists
                0x0800203c       0x68 ./FreeRTOS/tasks.o
 .text.prvAddCurrentTaskToDelayedList
                0x080020a4       0x54 ./FreeRTOS/tasks.o
 .text.xTaskGenericCreate
                0x080020f8      0x100 ./FreeRTOS/tasks.o
                0x080020f8                xTaskGenericCreate
 .text.vTaskStartScheduler
                0x080021f8       0x64 ./FreeRTOS/tasks.o
                0x080021f8                vTaskStartScheduler
 .text.vTaskSuspendAll
                0x0800225c       0x10 ./FreeRTOS/tasks.o
                0x0800225c                vTaskSuspendAll
 .text.xTaskIncrementTick
                0x0800226c      0x11c ./FreeRTOS/tasks.o
                0x0800226c                xTaskIncrementTick
 .text.xTaskResumeAll
                0x08002388       0xe4 ./FreeRTOS/tasks.o
                0x08002388                xTaskResumeAll
 .text.vTaskDelay
                0x0800246c       0x6c ./FreeRTOS/tasks.o
                0x0800246c                vTaskDelay
 .text.prvCheckTasksWaitingTermination
                0x080024d8       0x54 ./FreeRTOS/tasks.o
 .text.prvIdleTask
                0x0800252c       0x2c ./FreeRTOS/tasks.o
 .text.vTaskSwitchContext
                0x08002558       0xa8 ./FreeRTOS/tasks.o
                0x08002558                vTaskSwitchContext
 .text.__errno  0x08002600        0xc e:/programowanie/stm32_toolchain/5.2 2015q4/bin/../lib/gcc/arm-none-eabi/5.2.1/../../../../arm-none-eabi/lib/armv7e-m/fpu/fpv5-sp-d16\libg_nano.a(lib_a-errno.o)
                0x08002600                __errno
 .text.memcpy   0x0800260c       0x16 e:/programowanie/stm32_toolchain/5.2 2015q4/bin/../lib/gcc/arm-none-eabi/5.2.1/../../../../arm-none-eabi/lib/armv7e-m/fpu/fpv5-sp-d16\libg_nano.a(lib_a-memcpy-stub.o)
                0x0800260c                memcpy
 .text.memset   0x08002622       0x10 e:/programowanie/stm32_toolchain/5.2 2015q4/bin/../lib/gcc/arm-none-eabi/5.2.1/../../../../arm-none-eabi/lib/armv7e-m/fpu/fpv5-sp-d16\libg_nano.a(lib_a-memset.o)
                0x08002622                memset
 .text          0x08002632       0x10 e:/programowanie/stm32_toolchain/5.2 2015q4/bin/../lib/gcc/arm-none-eabi/5.2.1/../../../../arm-none-eabi/lib/armv7e-m/fpu/fpv5-sp-d16\libg_nano.a(lib_a-strlen.o)
                0x08002632                strlen
 .text._vsnprintf_r
                0x08002642       0x56 e:/programowanie/stm32_toolchain/5.2 2015q4/bin/../lib/gcc/arm-none-eabi/5.2.1/../../../../arm-none-eabi/lib/armv7e-m/fpu/fpv5-sp-d16\libg_nano.a(lib_a-vsnprintf.o)
                0x08002642                _vsniprintf_r
                0x08002642                _vsnprintf_r
 .text.vsnprintf
                0x08002698       0x1c e:/programowanie/stm32_toolchain/5.2 2015q4/bin/../lib/gcc/arm-none-eabi/5.2.1/../../../../arm-none-eabi/lib/armv7e-m/fpu/fpv5-sp-d16\libg_nano.a(lib_a-vsnprintf.o)
                0x08002698                vsniprintf
                0x08002698                vsnprintf
 .text.__ssputs_r
                0x080026b4       0xb2 e:/programowanie/stm32_toolchain/5.2 2015q4/bin/../lib/gcc/arm-none-eabi/5.2.1/../../../../arm-none-eabi/lib/armv7e-m/fpu/fpv5-sp-d16\libg_nano.a(lib_a-nano-svfprintf.o)
                0x080026b4                __ssputs_r
 *fill*         0x08002766        0x2 
 .text._svfprintf_r
                0x08002768      0x1e8 e:/programowanie/stm32_toolchain/5.2 2015q4/bin/../lib/gcc/arm-none-eabi/5.2.1/../../../../arm-none-eabi/lib/armv7e-m/fpu/fpv5-sp-d16\libg_nano.a(lib_a-nano-svfprintf.o)
                0x08002768                _svfiprintf_r
                0x08002768                _svfprintf_r
 .text._printf_common
                0x08002950       0xec e:/programowanie/stm32_toolchain/5.2 2015q4/bin/../lib/gcc/arm-none-eabi/5.2.1/../../../../arm-none-eabi/lib/armv7e-m/fpu/fpv5-sp-d16\libg_nano.a(lib_a-nano-vfprintf_i.o)
                0x08002950                _printf_common
 .text._printf_i
                0x08002a3c      0x24c e:/programowanie/stm32_toolchain/5.2 2015q4/bin/../lib/gcc/arm-none-eabi/5.2.1/../../../../arm-none-eabi/lib/armv7e-m/fpu/fpv5-sp-d16\libg_nano.a(lib_a-nano-vfprintf_i.o)
                0x08002a3c                _printf_i
 *fill*         0x08002c88        0x8 
 .text          0x08002c90       0xa0 e:/programowanie/stm32_toolchain/5.2 2015q4/bin/../lib/gcc/arm-none-eabi/5.2.1/../../../../arm-none-eabi/lib/armv7e-m/fpu/fpv5-sp-d16\libg_nano.a(lib_a-memchr.o)
                0x08002c90                memchr
 .text.memmove  0x08002d30       0x36 e:/programowanie/stm32_toolchain/5.2 2015q4/bin/../lib/gcc/arm-none-eabi/5.2.1/../../../../arm-none-eabi/lib/armv7e-m/fpu/fpv5-sp-d16\libg_nano.a(lib_a-memmove.o)
                0x08002d30                memmove
 *fill*         0x08002d66        0x2 
 .text._free_r  0x08002d68       0x8c e:/programowanie/stm32_toolchain/5.2 2015q4/bin/../lib/gcc/arm-none-eabi/5.2.1/../../../../arm-none-eabi/lib/armv7e-m/fpu/fpv5-sp-d16\libg_nano.a(lib_a-nano-freer.o)
                0x08002d68                _free_r
 .text._malloc_r
                0x08002df4       0xa8 e:/programowanie/stm32_toolchain/5.2 2015q4/bin/../lib/gcc/arm-none-eabi/5.2.1/../../../../arm-none-eabi/lib/armv7e-m/fpu/fpv5-sp-d16\libg_nano.a(lib_a-nano-mallocr.o)
                0x08002df4                _malloc_r
 .text._realloc_r
                0x08002e9c       0x4c e:/programowanie/stm32_toolchain/5.2 2015q4/bin/../lib/gcc/arm-none-eabi/5.2.1/../../../../arm-none-eabi/lib/armv7e-m/fpu/fpv5-sp-d16\libg_nano.a(lib_a-nano-reallocr.o)
                0x08002e9c                _realloc_r
 .text._sbrk_r  0x08002ee8       0x20 e:/programowanie/stm32_toolchain/5.2 2015q4/bin/../lib/gcc/arm-none-eabi/5.2.1/../../../../arm-none-eabi/lib/armv7e-m/fpu/fpv5-sp-d16\libg_nano.a(lib_a-sbrkr.o)
                0x08002ee8                _sbrk_r
 .text._malloc_usable_size_r
                0x08002f08       0x14 e:/programowanie/stm32_toolchain/5.2 2015q4/bin/../lib/gcc/arm-none-eabi/5.2.1/../../../../arm-none-eabi/lib/armv7e-m/fpu/fpv5-sp-d16\libg_nano.a(lib_a-nano-msizer.o)
                0x08002f08                _malloc_usable_size_r
 *(.rodata .rodata.* .constdata .constdata.*)
 .rodata.str1.4
                0x08002f1c       0x31 ./system/src/stm32f7-hal/stm32f7xx_hal_cortex.o
 *fill*         0x08002f4d        0x3 
 .rodata.str1.4
                0x08002f50       0x2f ./system/src/stm32f7-hal/stm32f7xx_hal_gpio.o
 *fill*         0x08002f7f        0x1 
 .rodata.APBAHBPrescTable
                0x08002f80       0x10 ./system/src/stm32f7-hal/stm32f7xx_hal_rcc.o
                0x08002f80                APBAHBPrescTable
 .rodata.str1.4
                0x08002f90       0x2e ./system/src/stm32f7-hal/stm32f7xx_hal_rcc.o
 *fill*         0x08002fbe        0x2 
 .rodata.str1.4
                0x08002fc0       0x14 ./system/src/newlib/_exit.o
 .rodata.str1.4
                0x08002fd4       0x6b ./system/src/newlib/assert.o
                                 0x6f (size before relaxing)
 *fill*         0x0800303f        0x1 
 .rodata.str1.4
                0x08003040       0x29 ./system/src/diag/Trace.o
                                 0x2d (size before relaxing)
 *fill*         0x08003069        0x3 
 .rodata.str1.4
                0x0800306c      0x146 ./system/src/cortexm/exception_handlers.o
 *fill*         0x080031b2        0x2 
 .rodata.AHBPrescTable
                0x080031b4       0x10 ./system/src/cmsis/system_stm32f7xx.o
                0x080031b4                AHBPrescTable
 .rodata.str1.4
                0x080031c4        0x5 ./src/main.o
 *fill*         0x080031c9        0x3 
 .rodata.str1.4
                0x080031cc       0x18 ./FreeRTOS/tasks.o
                                 0x17 (size before relaxing)
 .rodata.str1.1
                0x080031e4        0x2 e:/programowanie/stm32_toolchain/5.2 2015q4/bin/../lib/gcc/arm-none-eabi/5.2.1/../../../../arm-none-eabi/lib/armv7e-m/fpu/fpv5-sp-d16\libg_nano.a(lib_a-impure.o)
 .rodata.str1.1
                0x080031e6       0x11 e:/programowanie/stm32_toolchain/5.2 2015q4/bin/../lib/gcc/arm-none-eabi/5.2.1/../../../../arm-none-eabi/lib/armv7e-m/fpu/fpv5-sp-d16\libg_nano.a(lib_a-nano-svfprintf.o)
 .rodata.str1.1
                0x080031f7       0x22 e:/programowanie/stm32_toolchain/5.2 2015q4/bin/../lib/gcc/arm-none-eabi/5.2.1/../../../../arm-none-eabi/lib/armv7e-m/fpu/fpv5-sp-d16\libg_nano.a(lib_a-nano-vfprintf_i.o)
 *(vtable)
 *(.eh_frame*)
 *(.glue_7)
 .glue_7        0x08003219        0x0 linker stubs
 *(.glue_7t)
 .glue_7t       0x08003219        0x0 linker stubs

.vfp11_veneer   0x0800321c        0x0
 .vfp11_veneer  0x0800321c        0x0 linker stubs

.v4_bx          0x0800321c        0x0
 .v4_bx         0x0800321c        0x0 linker stubs

.iplt           0x0800321c        0x0
 .iplt          0x0800321c        0x0 ./system/src/stm32f7-hal/stm32f7xx_hal.o

.rel.dyn        0x0800321c        0x0
 .rel.iplt      0x0800321c        0x0 ./system/src/stm32f7-hal/stm32f7xx_hal.o

.ARM.extab
 *(.ARM.extab* .gnu.linkonce.armextab.*)
                0x0800321c                . = ALIGN (0x4)
                0x0800321c                __exidx_start = .

.ARM.exidx
 *(.ARM.exidx* .gnu.linkonce.armexidx.*)
                0x0800321c                __exidx_end = .
                0x0800321c                . = ALIGN (0x4)
                0x0800321c                _etext = .
                0x0800321c                __etext = .

.data_CCMRAM    0x10000000        0x0 load address 0x0800321c
 FILL mask 0xff
 *(.data.CCMRAM .data.CCMRAM.*)
                0x10000000                . = ALIGN (0x4)
                0x0800321c                _sidata = LOADADDR (.data)

.data           0x20000000       0x7c load address 0x0800321c
 FILL mask 0xff
                0x20000000                _sdata = .
                0x20000000                __data_start__ = .
 *(.data_begin .data_begin.*)
 .data_begin    0x20000000        0x4 ./system/src/newlib/_startup.o
 *(.data .data.*)
 .data.argv.4233
                0x20000004        0x8 ./system/src/newlib/_syscalls.o
 .data.SystemCoreClock
                0x2000000c        0x4 ./system/src/cmsis/system_stm32f7xx.o
                0x2000000c                SystemCoreClock
 .data.uxCriticalNesting
                0x20000010        0x4 ./FreeRTOS/portable/GCC/ARM_CM7/r0p1/port.o
 .data.impure_data
                0x20000014       0x60 e:/programowanie/stm32_toolchain/5.2 2015q4/bin/../lib/gcc/arm-none-eabi/5.2.1/../../../../arm-none-eabi/lib/armv7e-m/fpu/fpv5-sp-d16\libg_nano.a(lib_a-impure.o)
 .data._impure_ptr
                0x20000074        0x4 e:/programowanie/stm32_toolchain/5.2 2015q4/bin/../lib/gcc/arm-none-eabi/5.2.1/../../../../arm-none-eabi/lib/armv7e-m/fpu/fpv5-sp-d16\libg_nano.a(lib_a-impure.o)
                0x20000074                _impure_ptr
 *(.data_end .data_end.*)
 .data_end      0x20000078        0x4 ./system/src/newlib/_startup.o
                0x2000007c                . = ALIGN (0x4)
                0x2000007c                _edata = .
                0x2000007c                __data_end__ = .

.igot.plt       0x2000007c        0x0 load address 0x08003298
 .igot.plt      0x2000007c        0x0 ./system/src/stm32f7-hal/stm32f7xx_hal.o

.bss_CCMRAM     0x10000000        0x0
 *(.bss.CCMRAM .bss.CCMRAM.*)

.bss            0x20000080    0x12e08
                0x20000080                __bss_start__ = .
                0x20000080                _sbss = .
 *(.bss_begin .bss_begin.*)
 .bss_begin     0x20000080        0x4 ./system/src/newlib/_startup.o
 *(.bss .bss.*)
 .bss.uwTick    0x20000084        0x4 ./system/src/stm32f7-hal/stm32f7xx_hal.o
 .bss.current_heap_end.3944
                0x20000088        0x4 ./system/src/newlib/_sbrk.o
 .bss.name.4232
                0x2000008c        0x1 ./system/src/newlib/_syscalls.o
 *fill*         0x2000008d        0x3 
 .bss.buf.5080  0x20000090       0x80 ./system/src/diag/Trace.o
 .bss.tickTime  0x20000110        0x8 ./src/main.o
                0x20000110                tickTime
 .bss.u64IdleTicksCnt
                0x20000118        0x8 ./src/main.o
                0x20000118                u64IdleTicksCnt
 .bss.xFreeBytesRemaining
                0x20000120        0x4 ./FreeRTOS/portable/MemMang/heap_4.o
 .bss.pxEnd     0x20000124        0x4 ./FreeRTOS/portable/MemMang/heap_4.o
 .bss.xStart    0x20000128        0x8 ./FreeRTOS/portable/MemMang/heap_4.o
 .bss.ucHeap    0x20000130    0x12c00 ./FreeRTOS/portable/MemMang/heap_4.o
 .bss.xBlockAllocatedBit
                0x20012d30        0x4 ./FreeRTOS/portable/MemMang/heap_4.o
 .bss.xMinimumEverFreeBytesRemaining
                0x20012d34        0x4 ./FreeRTOS/portable/MemMang/heap_4.o
 .bss.ulMaxPRIGROUPValue
                0x20012d38        0x4 ./FreeRTOS/portable/GCC/ARM_CM7/r0p1/port.o
 .bss.pxDelayedTaskList
                0x20012d3c        0x4 ./FreeRTOS/tasks.o
 .bss.xSchedulerRunning
                0x20012d40        0x4 ./FreeRTOS/tasks.o
 .bss.uxTasksDeleted
                0x20012d44        0x4 ./FreeRTOS/tasks.o
 .bss.xTasksWaitingTermination
                0x20012d48       0x14 ./FreeRTOS/tasks.o
 .bss.pxOverflowDelayedTaskList
                0x20012d5c        0x4 ./FreeRTOS/tasks.o
 .bss.uxPendedTicks
                0x20012d60        0x4 ./FreeRTOS/tasks.o
 .bss.pxReadyTasksLists
                0x20012d64       0xa0 ./FreeRTOS/tasks.o
 .bss.uxSchedulerSuspended
                0x20012e04        0x4 ./FreeRTOS/tasks.o
 .bss.uxCurrentNumberOfTasks
                0x20012e08        0x4 ./FreeRTOS/tasks.o
 .bss.pxCurrentTCB
                0x20012e0c        0x4 ./FreeRTOS/tasks.o
                0x20012e0c                pxCurrentTCB
 .bss.xPendingReadyList
                0x20012e10       0x14 ./FreeRTOS/tasks.o
 .bss.xNumOfOverflows
                0x20012e24        0x4 ./FreeRTOS/tasks.o
 .bss.xTickCount
                0x20012e28        0x4 ./FreeRTOS/tasks.o
 .bss.xNextTaskUnblockTime
                0x20012e2c        0x4 ./FreeRTOS/tasks.o
 .bss.uxTaskNumber
                0x20012e30        0x4 ./FreeRTOS/tasks.o
 .bss.xDelayedTaskList1
                0x20012e34       0x14 ./FreeRTOS/tasks.o
 .bss.xDelayedTaskList2
                0x20012e48       0x14 ./FreeRTOS/tasks.o
 .bss.xSuspendedTaskList
                0x20012e5c       0x14 ./FreeRTOS/tasks.o
 .bss.uxTopReadyPriority
                0x20012e70        0x4 ./FreeRTOS/tasks.o
 .bss.xYieldPending
                0x20012e74        0x4 ./FreeRTOS/tasks.o
 .bss.__malloc_sbrk_start
                0x20012e78        0x4 e:/programowanie/stm32_toolchain/5.2 2015q4/bin/../lib/gcc/arm-none-eabi/5.2.1/../../../../arm-none-eabi/lib/armv7e-m/fpu/fpv5-sp-d16\libg_nano.a(lib_a-nano-mallocr.o)
                0x20012e78                __malloc_sbrk_start
 .bss.__malloc_free_list
                0x20012e7c        0x4 e:/programowanie/stm32_toolchain/5.2 2015q4/bin/../lib/gcc/arm-none-eabi/5.2.1/../../../../arm-none-eabi/lib/armv7e-m/fpu/fpv5-sp-d16\libg_nano.a(lib_a-nano-mallocr.o)
                0x20012e7c                __malloc_free_list
 *(COMMON)
 COMMON         0x20012e80        0x4 ./system/src/newlib/_syscalls.o
                0x20012e80                errno
 *(.bss_end .bss_end.*)
 .bss_end       0x20012e84        0x4 ./system/src/newlib/_startup.o
                0x20012e88                . = ALIGN (0x4)
                0x20012e88                __bss_end__ = .
                0x20012e88                _ebss = .

.noinit_CCMRAM
 *(.noinit.CCMRAM .noinit.CCMRAM.*)

.noinit         0x20012e88        0x0
                0x20012e88                _noinit = .
 *(.noinit .noinit.*)
                0x20012e88                . = ALIGN (0x4)
                0x20012e88                _end_noinit = .

.sdram          0xc0000000       0x64
                0xc0000000                . = ALIGN (0x4)
 *(.sdram)
 .sdram         0xc0000000       0x64 ./src/_initialize_hardware.o
 *(.sdram.*)
                0xc0000064                . = ALIGN (0x4)
                [!provide]                PROVIDE (end, _end_noinit)
                [!provide]                PROVIDE (_end, _end_noinit)
                [!provide]                PROVIDE (__end, _end_noinit)
                [!provide]                PROVIDE (__end__, _end_noinit)

._check_stack   0x20012e88      0x100
                0x20012f88                . = (. + _Minimum_Stack_Size)
 *fill*         0x20012e88      0x100 

.b1text
 *(.b1text)
 *(.b1rodata)
 *(.b1rodata.*)

.eb0text
 *(.eb0text)
 *(.eb0rodata)
 *(.eb0rodata.*)

.eb1text
 *(.eb1text)
 *(.eb1rodata)
 *(.eb1rodata.*)

.eb2text
 *(.eb2text)
 *(.eb2rodata)
 *(.eb2rodata.*)

.eb3text
 *(.eb3text)
 *(.eb3rodata)
 *(.eb3rodata.*)

.stab
 *(.stab)

.stabstr
 *(.stabstr)

.stab.excl
 *(.stab.excl)

.stab.exclstr
 *(.stab.exclstr)

.stab.index
 *(.stab.index)

.stab.indexstr
 *(.stab.indexstr)

.comment        0x00000000       0x6e
 *(.comment)
 .comment       0x00000000       0x6e ./system/src/stm32f7-hal/stm32f7xx_hal.o
                                 0x6f (size before relaxing)
 .comment       0x0000006e       0x6f ./system/src/stm32f7-hal/stm32f7xx_hal_cortex.o
 .comment       0x0000006e       0x6f ./system/src/stm32f7-hal/stm32f7xx_hal_gpio.o
 .comment       0x0000006e       0x6f ./system/src/stm32f7-hal/stm32f7xx_hal_pwr_ex.o
 .comment       0x0000006e       0x6f ./system/src/stm32f7-hal/stm32f7xx_hal_rcc.o
 .comment       0x0000006e       0x6f ./system/src/newlib/_exit.o
 .comment       0x0000006e       0x6f ./system/src/newlib/_sbrk.o
 .comment       0x0000006e       0x6f ./system/src/newlib/_startup.o
 .comment       0x0000006e       0x6f ./system/src/newlib/_syscalls.o
 .comment       0x0000006e       0x6f ./system/src/newlib/assert.o
 .comment       0x0000006e       0x6f ./system/src/diag/Trace.o
 .comment       0x0000006e       0x6f ./system/src/diag/trace_impl.o
 .comment       0x0000006e       0x6f ./system/src/cortexm/_initialize_hardware.o
 .comment       0x0000006e       0x6f ./system/src/cortexm/exception_handlers.o
 .comment       0x0000006e       0x6f ./system/src/cmsis/system_stm32f7xx.o
 .comment       0x0000006e       0x6f ./system/src/cmsis/vectors_stm32f746xx.o
 .comment       0x0000006e       0x6f ./src/_initialize_hardware.o
 .comment       0x0000006e       0x6f ./src/main.o
 .comment       0x0000006e       0x6f ./src/stm32f7xx_hal_msp.o
 .comment       0x0000006e       0x6f ./FreeRTOS/portable/MemMang/heap_4.o
 .comment       0x0000006e       0x6f ./FreeRTOS/portable/GCC/ARM_CM7/r0p1/port.o
 .comment       0x0000006e       0x6f ./FreeRTOS/list.o
 .comment       0x0000006e       0x6f ./FreeRTOS/tasks.o

.ARM.attributes
                0x00000000       0x37
 .ARM.attributes
                0x00000000       0x39 ./system/src/stm32f7-hal/stm32f7xx_hal.o
 .ARM.attributes
                0x00000039       0x39 ./system/src/stm32f7-hal/stm32f7xx_hal_cortex.o
 .ARM.attributes
                0x00000072       0x39 ./system/src/stm32f7-hal/stm32f7xx_hal_gpio.o
 .ARM.attributes
                0x000000ab       0x39 ./system/src/stm32f7-hal/stm32f7xx_hal_pwr_ex.o
 .ARM.attributes
                0x000000e4       0x39 ./system/src/stm32f7-hal/stm32f7xx_hal_rcc.o
 .ARM.attributes
                0x0000011d       0x39 ./system/src/newlib/_exit.o
 .ARM.attributes
                0x00000156       0x39 ./system/src/newlib/_sbrk.o
 .ARM.attributes
                0x0000018f       0x39 ./system/src/newlib/_startup.o
 .ARM.attributes
                0x000001c8       0x39 ./system/src/newlib/_syscalls.o
 .ARM.attributes
                0x00000201       0x39 ./system/src/newlib/assert.o
 .ARM.attributes
                0x0000023a       0x39 ./system/src/diag/Trace.o
 .ARM.attributes
                0x00000273       0x39 ./system/src/diag/trace_impl.o
 .ARM.attributes
                0x000002ac       0x39 ./system/src/cortexm/_initialize_hardware.o
 .ARM.attributes
                0x000002e5       0x39 ./system/src/cortexm/exception_handlers.o
 .ARM.attributes
                0x0000031e       0x39 ./system/src/cmsis/system_stm32f7xx.o
 .ARM.attributes
                0x00000357       0x39 ./system/src/cmsis/vectors_stm32f746xx.o
 .ARM.attributes
                0x00000390       0x39 ./src/_initialize_hardware.o
 .ARM.attributes
                0x000003c9       0x39 ./src/main.o
 .ARM.attributes
                0x00000402       0x39 ./src/stm32f7xx_hal_msp.o
 .ARM.attributes
                0x0000043b       0x39 ./FreeRTOS/portable/MemMang/heap_4.o
 .ARM.attributes
                0x00000474       0x39 ./FreeRTOS/portable/GCC/ARM_CM7/r0p1/port.o
 .ARM.attributes
                0x000004ad       0x39 ./FreeRTOS/list.o
 .ARM.attributes
                0x000004e6       0x39 ./FreeRTOS/tasks.o
 .ARM.attributes
                0x0000051f       0x34 e:/programowanie/stm32_toolchain/5.2 2015q4/bin/../lib/gcc/arm-none-eabi/5.2.1/../../../../arm-none-eabi/lib/armv7e-m/fpu/fpv5-sp-d16\libg_nano.a(lib_a-errno.o)
 .ARM.attributes
                0x00000553       0x34 e:/programowanie/stm32_toolchain/5.2 2015q4/bin/../lib/gcc/arm-none-eabi/5.2.1/../../../../arm-none-eabi/lib/armv7e-m/fpu/fpv5-sp-d16\libg_nano.a(lib_a-impure.o)
 .ARM.attributes
                0x00000587       0x34 e:/programowanie/stm32_toolchain/5.2 2015q4/bin/../lib/gcc/arm-none-eabi/5.2.1/../../../../arm-none-eabi/lib/armv7e-m/fpu/fpv5-sp-d16\libg_nano.a(lib_a-memcpy-stub.o)
 .ARM.attributes
                0x000005bb       0x34 e:/programowanie/stm32_toolchain/5.2 2015q4/bin/../lib/gcc/arm-none-eabi/5.2.1/../../../../arm-none-eabi/lib/armv7e-m/fpu/fpv5-sp-d16\libg_nano.a(lib_a-memset.o)
 .ARM.attributes
                0x000005ef       0x1b e:/programowanie/stm32_toolchain/5.2 2015q4/bin/../lib/gcc/arm-none-eabi/5.2.1/../../../../arm-none-eabi/lib/armv7e-m/fpu/fpv5-sp-d16\libg_nano.a(lib_a-strlen.o)
 .ARM.attributes
                0x0000060a       0x34 e:/programowanie/stm32_toolchain/5.2 2015q4/bin/../lib/gcc/arm-none-eabi/5.2.1/../../../../arm-none-eabi/lib/armv7e-m/fpu/fpv5-sp-d16\libg_nano.a(lib_a-vsnprintf.o)
 .ARM.attributes
                0x0000063e       0x34 e:/programowanie/stm32_toolchain/5.2 2015q4/bin/../lib/gcc/arm-none-eabi/5.2.1/../../../../arm-none-eabi/lib/armv7e-m/fpu/fpv5-sp-d16\libg_nano.a(lib_a-nano-svfprintf.o)
 .ARM.attributes
                0x00000672       0x34 e:/programowanie/stm32_toolchain/5.2 2015q4/bin/../lib/gcc/arm-none-eabi/5.2.1/../../../../arm-none-eabi/lib/armv7e-m/fpu/fpv5-sp-d16\libg_nano.a(lib_a-nano-vfprintf_i.o)
 .ARM.attributes
                0x000006a6       0x20 e:/programowanie/stm32_toolchain/5.2 2015q4/bin/../lib/gcc/arm-none-eabi/5.2.1/../../../../arm-none-eabi/lib/armv7e-m/fpu/fpv5-sp-d16\libg_nano.a(lib_a-memchr.o)
 .ARM.attributes
                0x000006c6       0x34 e:/programowanie/stm32_toolchain/5.2 2015q4/bin/../lib/gcc/arm-none-eabi/5.2.1/../../../../arm-none-eabi/lib/armv7e-m/fpu/fpv5-sp-d16\libg_nano.a(lib_a-memmove.o)
 .ARM.attributes
                0x000006fa       0x34 e:/programowanie/stm32_toolchain/5.2 2015q4/bin/../lib/gcc/arm-none-eabi/5.2.1/../../../../arm-none-eabi/lib/armv7e-m/fpu/fpv5-sp-d16\libg_nano.a(lib_a-nano-freer.o)
 .ARM.attributes
                0x0000072e       0x34 e:/programowanie/stm32_toolchain/5.2 2015q4/bin/../lib/gcc/arm-none-eabi/5.2.1/../../../../arm-none-eabi/lib/armv7e-m/fpu/fpv5-sp-d16\libg_nano.a(lib_a-nano-mallocr.o)
 .ARM.attributes
                0x00000762       0x34 e:/programowanie/stm32_toolchain/5.2 2015q4/bin/../lib/gcc/arm-none-eabi/5.2.1/../../../../arm-none-eabi/lib/armv7e-m/fpu/fpv5-sp-d16\libg_nano.a(lib_a-nano-reallocr.o)
 .ARM.attributes
                0x00000796       0x34 e:/programowanie/stm32_toolchain/5.2 2015q4/bin/../lib/gcc/arm-none-eabi/5.2.1/../../../../arm-none-eabi/lib/armv7e-m/fpu/fpv5-sp-d16\libg_nano.a(lib_a-sbrkr.o)
 .ARM.attributes
                0x000007ca       0x34 e:/programowanie/stm32_toolchain/5.2 2015q4/bin/../lib/gcc/arm-none-eabi/5.2.1/../../../../arm-none-eabi/lib/armv7e-m/fpu/fpv5-sp-d16\libg_nano.a(lib_a-nano-msizer.o)

.debug
 *(.debug)

.line
 *(.line)

.debug_srcinfo
 *(.debug_srcinfo)

.debug_sfnames
 *(.debug_sfnames)

.debug_aranges  0x00000000      0x8b0
 *(.debug_aranges)
 .debug_aranges
                0x00000000       0xd0 ./system/src/stm32f7-hal/stm32f7xx_hal.o
 .debug_aranges
                0x000000d0       0x98 ./system/src/stm32f7-hal/stm32f7xx_hal_cortex.o
 .debug_aranges
                0x00000168       0x58 ./system/src/stm32f7-hal/stm32f7xx_hal_gpio.o
 .debug_aranges
                0x000001c0       0x80 ./system/src/stm32f7-hal/stm32f7xx_hal_pwr_ex.o
 .debug_aranges
                0x00000240       0x88 ./system/src/stm32f7-hal/stm32f7xx_hal_rcc.o
 .debug_aranges
                0x000002c8       0x28 ./system/src/newlib/_exit.o
 .debug_aranges
                0x000002f0       0x20 ./system/src/newlib/_sbrk.o
 .debug_aranges
                0x00000310       0x40 ./system/src/newlib/_startup.o
 .debug_aranges
                0x00000350       0x30 ./system/src/newlib/_syscalls.o
 .debug_aranges
                0x00000380       0x28 ./system/src/newlib/assert.o
 .debug_aranges
                0x000003a8       0x38 ./system/src/diag/Trace.o
 .debug_aranges
                0x000003e0       0x30 ./system/src/diag/trace_impl.o
 .debug_aranges
                0x00000410       0x28 ./system/src/cortexm/_initialize_hardware.o
 .debug_aranges
                0x00000438       0x90 ./system/src/cortexm/exception_handlers.o
 .debug_aranges
                0x000004c8       0x30 ./system/src/cmsis/system_stm32f7xx.o
 .debug_aranges
                0x000004f8       0x20 ./system/src/cmsis/vectors_stm32f746xx.o
 .debug_aranges
                0x00000518       0x38 ./src/_initialize_hardware.o
 .debug_aranges
                0x00000550       0x48 ./src/main.o
 .debug_aranges
                0x00000598       0x38 ./src/stm32f7xx_hal_msp.o
 .debug_aranges
                0x000005d0       0x50 ./FreeRTOS/portable/MemMang/heap_4.o
 .debug_aranges
                0x00000620       0x80 ./FreeRTOS/portable/GCC/ARM_CM7/r0p1/port.o
 .debug_aranges
                0x000006a0       0x40 ./FreeRTOS/list.o
 .debug_aranges
                0x000006e0      0x1d0 ./FreeRTOS/tasks.o

.debug_pubnames
 *(.debug_pubnames)

.debug_info     0x00000000     0xa66e
 *(.debug_info .gnu.linkonce.wi.*)
 .debug_info    0x00000000      0x96d ./system/src/stm32f7-hal/stm32f7xx_hal.o
 .debug_info    0x0000096d     0x1331 ./system/src/stm32f7-hal/stm32f7xx_hal_cortex.o
 .debug_info    0x00001c9e      0x891 ./system/src/stm32f7-hal/stm32f7xx_hal_gpio.o
 .debug_info    0x0000252f      0xa2f ./system/src/stm32f7-hal/stm32f7xx_hal_pwr_ex.o
 .debug_info    0x00002f5e      0xfe3 ./system/src/stm32f7-hal/stm32f7xx_hal_rcc.o
 .debug_info    0x00003f41       0xef ./system/src/newlib/_exit.o
 .debug_info    0x00004030      0x11f ./system/src/newlib/_sbrk.o
 .debug_info    0x0000414f      0x4ef ./system/src/newlib/_startup.o
 .debug_info    0x0000463e      0x1bc ./system/src/newlib/_syscalls.o
 .debug_info    0x000047fa      0x1a3 ./system/src/newlib/assert.o
 .debug_info    0x0000499d      0x2e7 ./system/src/diag/Trace.o
 .debug_info    0x00004c84      0x30a ./system/src/diag/trace_impl.o
 .debug_info    0x00004f8e      0x487 ./system/src/cortexm/_initialize_hardware.o
 .debug_info    0x00005415      0xabc ./system/src/cortexm/exception_handlers.o
 .debug_info    0x00005ed1      0x7e8 ./system/src/cmsis/system_stm32f7xx.o
 .debug_info    0x000066b9       0xd1 ./system/src/cmsis/vectors_stm32f746xx.o
 .debug_info    0x0000678a      0xbfb ./src/_initialize_hardware.o
 .debug_info    0x00007385      0x2e4 ./src/main.o
 .debug_info    0x00007669       0xe5 ./src/stm32f7xx_hal_msp.o
 .debug_info    0x0000774e      0x3b2 ./FreeRTOS/portable/MemMang/heap_4.o
 .debug_info    0x00007b00      0x459 ./FreeRTOS/portable/GCC/ARM_CM7/r0p1/port.o
 .debug_info    0x00007f59      0x2ba ./FreeRTOS/list.o
 .debug_info    0x00008213     0x245b ./FreeRTOS/tasks.o

.debug_abbrev   0x00000000     0x2515
 *(.debug_abbrev)
 .debug_abbrev  0x00000000      0x1d1 ./system/src/stm32f7-hal/stm32f7xx_hal.o
 .debug_abbrev  0x000001d1      0x335 ./system/src/stm32f7-hal/stm32f7xx_hal_cortex.o
 .debug_abbrev  0x00000506      0x204 ./system/src/stm32f7-hal/stm32f7xx_hal_gpio.o
 .debug_abbrev  0x0000070a      0x1f5 ./system/src/stm32f7-hal/stm32f7xx_hal_pwr_ex.o
 .debug_abbrev  0x000008ff      0x2b8 ./system/src/stm32f7-hal/stm32f7xx_hal_rcc.o
 .debug_abbrev  0x00000bb7       0x8e ./system/src/newlib/_exit.o
 .debug_abbrev  0x00000c45       0xb9 ./system/src/newlib/_sbrk.o
 .debug_abbrev  0x00000cfe      0x1d4 ./system/src/newlib/_startup.o
 .debug_abbrev  0x00000ed2       0xec ./system/src/newlib/_syscalls.o
 .debug_abbrev  0x00000fbe       0xab ./system/src/newlib/assert.o
 .debug_abbrev  0x00001069      0x156 ./system/src/diag/Trace.o
 .debug_abbrev  0x000011bf      0x1c8 ./system/src/diag/trace_impl.o
 .debug_abbrev  0x00001387       0xf9 ./system/src/cortexm/_initialize_hardware.o
 .debug_abbrev  0x00001480      0x256 ./system/src/cortexm/exception_handlers.o
 .debug_abbrev  0x000016d6      0x149 ./system/src/cmsis/system_stm32f7xx.o
 .debug_abbrev  0x0000181f       0x9d ./system/src/cmsis/vectors_stm32f746xx.o
 .debug_abbrev  0x000018bc      0x21c ./src/_initialize_hardware.o
 .debug_abbrev  0x00001ad8      0x1a9 ./src/main.o
 .debug_abbrev  0x00001c81       0x6a ./src/stm32f7xx_hal_msp.o
 .debug_abbrev  0x00001ceb      0x1e2 ./FreeRTOS/portable/MemMang/heap_4.o
 .debug_abbrev  0x00001ecd      0x24d ./FreeRTOS/portable/GCC/ARM_CM7/r0p1/port.o
 .debug_abbrev  0x0000211a       0xf9 ./FreeRTOS/list.o
 .debug_abbrev  0x00002213      0x302 ./FreeRTOS/tasks.o

.debug_line     0x00000000     0xd31b
 *(.debug_line)
 .debug_line    0x00000000      0xb6b ./system/src/stm32f7-hal/stm32f7xx_hal.o
 .debug_line    0x00000b6b      0xc37 ./system/src/stm32f7-hal/stm32f7xx_hal_cortex.o
 .debug_line    0x000017a2      0xc26 ./system/src/stm32f7-hal/stm32f7xx_hal_gpio.o
 .debug_line    0x000023c8      0xb49 ./system/src/stm32f7-hal/stm32f7xx_hal_pwr_ex.o
 .debug_line    0x00002f11      0xe5e ./system/src/stm32f7-hal/stm32f7xx_hal_rcc.o
 .debug_line    0x00003d6f      0x2da ./system/src/newlib/_exit.o
 .debug_line    0x00004049      0x28c ./system/src/newlib/_sbrk.o
 .debug_line    0x000042d5      0x354 ./system/src/newlib/_startup.o
 .debug_line    0x00004629      0x382 ./system/src/newlib/_syscalls.o
 .debug_line    0x000049ab      0x315 ./system/src/newlib/assert.o
 .debug_line    0x00004cc0      0x339 ./system/src/diag/Trace.o
 .debug_line    0x00004ff9      0xa86 ./system/src/diag/trace_impl.o
 .debug_line    0x00005a7f      0x9f2 ./system/src/cortexm/_initialize_hardware.o
 .debug_line    0x00006471      0xb18 ./system/src/cortexm/exception_handlers.o
 .debug_line    0x00006f89      0xa83 ./system/src/cmsis/system_stm32f7xx.o
 .debug_line    0x00007a0c       0xf8 ./system/src/cmsis/vectors_stm32f746xx.o
 .debug_line    0x00007b04      0xa9d ./src/_initialize_hardware.o
 .debug_line    0x000085a1      0xbb2 ./src/main.o
 .debug_line    0x00009153      0x9fc ./src/stm32f7xx_hal_msp.o
 .debug_line    0x00009b4f      0xbfe ./FreeRTOS/portable/MemMang/heap_4.o
 .debug_line    0x0000a74d      0xc3f ./FreeRTOS/portable/GCC/ARM_CM7/r0p1/port.o
 .debug_line    0x0000b38c      0xb73 ./FreeRTOS/list.o
 .debug_line    0x0000beff     0x141c ./FreeRTOS/tasks.o

.debug_frame    0x00000000     0x16ac
 *(.debug_frame)
 .debug_frame   0x00000000      0x1a8 ./system/src/stm32f7-hal/stm32f7xx_hal.o
 .debug_frame   0x000001a8      0x17c ./system/src/stm32f7-hal/stm32f7xx_hal_cortex.o
 .debug_frame   0x00000324       0xf8 ./system/src/stm32f7-hal/stm32f7xx_hal_gpio.o
 .debug_frame   0x0000041c      0x134 ./system/src/stm32f7-hal/stm32f7xx_hal_pwr_ex.o
 .debug_frame   0x00000550      0x158 ./system/src/stm32f7-hal/stm32f7xx_hal_rcc.o
 .debug_frame   0x000006a8       0x38 ./system/src/newlib/_exit.o
 .debug_frame   0x000006e0       0x28 ./system/src/newlib/_sbrk.o
 .debug_frame   0x00000708       0x7c ./system/src/newlib/_startup.o
 .debug_frame   0x00000784       0x50 ./system/src/newlib/_syscalls.o
 .debug_frame   0x000007d4       0x40 ./system/src/newlib/assert.o
 .debug_frame   0x00000814       0x94 ./system/src/diag/Trace.o
 .debug_frame   0x000008a8       0x60 ./system/src/diag/trace_impl.o
 .debug_frame   0x00000908       0x40 ./system/src/cortexm/_initialize_hardware.o
 .debug_frame   0x00000948      0x158 ./system/src/cortexm/exception_handlers.o
 .debug_frame   0x00000aa0       0x50 ./system/src/cmsis/system_stm32f7xx.o
 .debug_frame   0x00000af0       0x20 ./system/src/cmsis/vectors_stm32f746xx.o
 .debug_frame   0x00000b10       0x80 ./src/_initialize_hardware.o
 .debug_frame   0x00000b90       0x80 ./src/main.o
 .debug_frame   0x00000c10       0x50 ./src/stm32f7xx_hal_msp.o
 .debug_frame   0x00000c60       0xac ./FreeRTOS/portable/MemMang/heap_4.o
 .debug_frame   0x00000d0c       0xf0 ./FreeRTOS/portable/GCC/ARM_CM7/r0p1/port.o
 .debug_frame   0x00000dfc       0x6c ./FreeRTOS/list.o
 .debug_frame   0x00000e68      0x59c ./FreeRTOS/tasks.o
 .debug_frame   0x00001404       0x20 e:/programowanie/stm32_toolchain/5.2 2015q4/bin/../lib/gcc/arm-none-eabi/5.2.1/../../../../arm-none-eabi/lib/armv7e-m/fpu/fpv5-sp-d16\libg_nano.a(lib_a-errno.o)
 .debug_frame   0x00001424       0x28 e:/programowanie/stm32_toolchain/5.2 2015q4/bin/../lib/gcc/arm-none-eabi/5.2.1/../../../../arm-none-eabi/lib/armv7e-m/fpu/fpv5-sp-d16\libg_nano.a(lib_a-memcpy-stub.o)
 .debug_frame   0x0000144c       0x20 e:/programowanie/stm32_toolchain/5.2 2015q4/bin/../lib/gcc/arm-none-eabi/5.2.1/../../../../arm-none-eabi/lib/armv7e-m/fpu/fpv5-sp-d16\libg_nano.a(lib_a-memset.o)
 .debug_frame   0x0000146c       0x48 e:/programowanie/stm32_toolchain/5.2 2015q4/bin/../lib/gcc/arm-none-eabi/5.2.1/../../../../arm-none-eabi/lib/armv7e-m/fpu/fpv5-sp-d16\libg_nano.a(lib_a-vsnprintf.o)
 .debug_frame   0x000014b4       0x90 e:/programowanie/stm32_toolchain/5.2 2015q4/bin/../lib/gcc/arm-none-eabi/5.2.1/../../../../arm-none-eabi/lib/armv7e-m/fpu/fpv5-sp-d16\libg_nano.a(lib_a-nano-svfprintf.o)
 .debug_frame   0x00001544       0x60 e:/programowanie/stm32_toolchain/5.2 2015q4/bin/../lib/gcc/arm-none-eabi/5.2.1/../../../../arm-none-eabi/lib/armv7e-m/fpu/fpv5-sp-d16\libg_nano.a(lib_a-nano-vfprintf_i.o)
 .debug_frame   0x000015a4       0x28 e:/programowanie/stm32_toolchain/5.2 2015q4/bin/../lib/gcc/arm-none-eabi/5.2.1/../../../../arm-none-eabi/lib/armv7e-m/fpu/fpv5-sp-d16\libg_nano.a(lib_a-memmove.o)
 .debug_frame   0x000015cc       0x2c e:/programowanie/stm32_toolchain/5.2 2015q4/bin/../lib/gcc/arm-none-eabi/5.2.1/../../../../arm-none-eabi/lib/armv7e-m/fpu/fpv5-sp-d16\libg_nano.a(lib_a-nano-freer.o)
 .debug_frame   0x000015f8       0x2c e:/programowanie/stm32_toolchain/5.2 2015q4/bin/../lib/gcc/arm-none-eabi/5.2.1/../../../../arm-none-eabi/lib/armv7e-m/fpu/fpv5-sp-d16\libg_nano.a(lib_a-nano-mallocr.o)
 .debug_frame   0x00001624       0x3c e:/programowanie/stm32_toolchain/5.2 2015q4/bin/../lib/gcc/arm-none-eabi/5.2.1/../../../../arm-none-eabi/lib/armv7e-m/fpu/fpv5-sp-d16\libg_nano.a(lib_a-nano-reallocr.o)
 .debug_frame   0x00001660       0x2c e:/programowanie/stm32_toolchain/5.2 2015q4/bin/../lib/gcc/arm-none-eabi/5.2.1/../../../../arm-none-eabi/lib/armv7e-m/fpu/fpv5-sp-d16\libg_nano.a(lib_a-sbrkr.o)
 .debug_frame   0x0000168c       0x20 e:/programowanie/stm32_toolchain/5.2 2015q4/bin/../lib/gcc/arm-none-eabi/5.2.1/../../../../arm-none-eabi/lib/armv7e-m/fpu/fpv5-sp-d16\libg_nano.a(lib_a-nano-msizer.o)

.debug_str      0x00000000    0xce828
 *(.debug_str)
 .debug_str     0x00000000    0xc4f41 ./system/src/stm32f7-hal/stm32f7xx_hal.o
                              0xc5365 (size before relaxing)
 .debug_str     0x000c4f41      0x470 ./system/src/stm32f7-hal/stm32f7xx_hal_cortex.o
                              0xc53d8 (size before relaxing)
 .debug_str     0x000c53b1      0x2b2 ./system/src/stm32f7-hal/stm32f7xx_hal_gpio.o
                              0xc4c78 (size before relaxing)
 .debug_str     0x000c5663      0x1e9 ./system/src/stm32f7-hal/stm32f7xx_hal_pwr_ex.o
                              0xc4d4d (size before relaxing)
 .debug_str     0x000c584c      0x366 ./system/src/stm32f7-hal/stm32f7xx_hal_rcc.o
                              0xc4de9 (size before relaxing)
 .debug_str     0x000c5bb2     0x1090 ./system/src/newlib/_exit.o
                               0x6aa8 (size before relaxing)
 .debug_str     0x000c6c42      0x366 ./system/src/newlib/_sbrk.o
                               0x5eb9 (size before relaxing)
 .debug_str     0x000c6fa8      0x2cc ./system/src/newlib/_startup.o
                               0x5a57 (size before relaxing)
 .debug_str     0x000c7274      0xe06 ./system/src/newlib/_syscalls.o
                               0x6d01 (size before relaxing)
 .debug_str     0x000c807a       0xd5 ./system/src/newlib/assert.o
                               0x75b1 (size before relaxing)
 .debug_str     0x000c814f      0x17b ./system/src/diag/Trace.o
                               0x73b8 (size before relaxing)
 .debug_str     0x000c82ca      0x37b ./system/src/diag/trace_impl.o
                              0xc4a88 (size before relaxing)
 .debug_str     0x000c8645       0x5e ./system/src/cortexm/_initialize_hardware.o
                              0xc398b (size before relaxing)
 .debug_str     0x000c86a3      0x172 ./system/src/cortexm/exception_handlers.o
                              0xc4d00 (size before relaxing)
 .debug_str     0x000c8815       0x96 ./system/src/cmsis/system_stm32f7xx.o
                              0xc4b7a (size before relaxing)
 .debug_str     0x000c88ab       0x59 ./system/src/cmsis/vectors_stm32f746xx.o
                               0x3141 (size before relaxing)
 .debug_str     0x000c8904       0xa5 ./src/_initialize_hardware.o
                              0xc4d96 (size before relaxing)
 .debug_str     0x000c89a9     0x37e6 ./src/main.o
                              0xc9089 (size before relaxing)
 .debug_str     0x000cc18f       0x3d ./src/stm32f7xx_hal_msp.o
                              0xc4842 (size before relaxing)
 .debug_str     0x000cc1cc      0x2ae ./FreeRTOS/portable/MemMang/heap_4.o
                              0xc7254 (size before relaxing)
 .debug_str     0x000cc47a      0x7cc ./FreeRTOS/portable/GCC/ARM_CM7/r0p1/port.o
                              0xc8766 (size before relaxing)
 .debug_str     0x000ccc46      0x11e ./FreeRTOS/list.o
                              0xc696c (size before relaxing)
 .debug_str     0x000ccd64     0x1ac4 ./FreeRTOS/tasks.o
                              0xc8e35 (size before relaxing)

.debug_loc      0x00000000     0x3d45
 *(.debug_loc)
 .debug_loc     0x00000000       0x6a ./system/src/stm32f7-hal/stm32f7xx_hal.o
 .debug_loc     0x0000006a      0x580 ./system/src/stm32f7-hal/stm32f7xx_hal_cortex.o
 .debug_loc     0x000005ea      0x4bc ./system/src/stm32f7-hal/stm32f7xx_hal_gpio.o
 .debug_loc     0x00000aa6      0x257 ./system/src/stm32f7-hal/stm32f7xx_hal_pwr_ex.o
 .debug_loc     0x00000cfd      0x61e ./system/src/stm32f7-hal/stm32f7xx_hal_rcc.o
 .debug_loc     0x0000131b       0x82 ./system/src/newlib/_sbrk.o
 .debug_loc     0x0000139d      0x36e ./system/src/newlib/_startup.o
 .debug_loc     0x0000170b       0x63 ./system/src/newlib/_syscalls.o
 .debug_loc     0x0000176e      0x110 ./system/src/newlib/assert.o
 .debug_loc     0x0000187e      0x102 ./system/src/diag/Trace.o
 .debug_loc     0x00001980      0x17c ./system/src/diag/trace_impl.o
 .debug_loc     0x00001afc      0x2a8 ./system/src/cortexm/exception_handlers.o
 .debug_loc     0x00001da4      0x257 ./system/src/cmsis/system_stm32f7xx.o
 .debug_loc     0x00001ffb      0x133 ./src/_initialize_hardware.o
 .debug_loc     0x0000212e       0x63 ./src/main.o
 .debug_loc     0x00002191      0x2af ./FreeRTOS/portable/MemMang/heap_4.o
 .debug_loc     0x00002440       0xa8 ./FreeRTOS/portable/GCC/ARM_CM7/r0p1/port.o
 .debug_loc     0x000024e8       0x65 ./FreeRTOS/list.o
 .debug_loc     0x0000254d     0x17f8 ./FreeRTOS/tasks.o

.debug_macinfo
 *(.debug_macinfo)

.debug_weaknames
 *(.debug_weaknames)

.debug_funcnames
 *(.debug_funcnames)

.debug_typenames
 *(.debug_typenames)

.debug_varnames
 *(.debug_varnames)
OUTPUT(ethernet_stmf7.elf elf32-littlearm)

.debug_ranges   0x00000000      0x7a8
 .debug_ranges  0x00000000       0xc0 ./system/src/stm32f7-hal/stm32f7xx_hal.o
 .debug_ranges  0x000000c0       0x88 ./system/src/stm32f7-hal/stm32f7xx_hal_cortex.o
 .debug_ranges  0x00000148       0x48 ./system/src/stm32f7-hal/stm32f7xx_hal_gpio.o
 .debug_ranges  0x00000190       0x70 ./system/src/stm32f7-hal/stm32f7xx_hal_pwr_ex.o
 .debug_ranges  0x00000200       0x78 ./system/src/stm32f7-hal/stm32f7xx_hal_rcc.o
 .debug_ranges  0x00000278       0x18 ./system/src/newlib/_exit.o
 .debug_ranges  0x00000290       0x10 ./system/src/newlib/_sbrk.o
 .debug_ranges  0x000002a0       0x30 ./system/src/newlib/_startup.o
 .debug_ranges  0x000002d0       0x20 ./system/src/newlib/_syscalls.o
 .debug_ranges  0x000002f0       0x18 ./system/src/newlib/assert.o
 .debug_ranges  0x00000308       0x28 ./system/src/diag/Trace.o
 .debug_ranges  0x00000330       0x38 ./system/src/diag/trace_impl.o
 .debug_ranges  0x00000368       0x18 ./system/src/cortexm/_initialize_hardware.o
 .debug_ranges  0x00000380       0x98 ./system/src/cortexm/exception_handlers.o
 .debug_ranges  0x00000418       0x20 ./system/src/cmsis/system_stm32f7xx.o
 .debug_ranges  0x00000438       0x10 ./system/src/cmsis/vectors_stm32f746xx.o
 .debug_ranges  0x00000448       0x28 ./src/_initialize_hardware.o
 .debug_ranges  0x00000470       0x38 ./src/main.o
 .debug_ranges  0x000004a8       0x28 ./src/stm32f7xx_hal_msp.o
 .debug_ranges  0x000004d0       0x40 ./FreeRTOS/portable/MemMang/heap_4.o
 .debug_ranges  0x00000510       0x70 ./FreeRTOS/portable/GCC/ARM_CM7/r0p1/port.o
 .debug_ranges  0x00000580       0x30 ./FreeRTOS/list.o
 .debug_ranges  0x000005b0      0x1f8 ./FreeRTOS/tasks.o

.debug_macro    0x00000000    0x20d48
 .debug_macro   0x00000000      0x4f5 ./system/src/stm32f7-hal/stm32f7xx_hal.o
 .debug_macro   0x000004f5      0x8c2 ./system/src/stm32f7-hal/stm32f7xx_hal.o
 .debug_macro   0x00000db7      0x25c ./system/src/stm32f7-hal/stm32f7xx_hal.o
 .debug_macro   0x00001013       0x2e ./system/src/stm32f7-hal/stm32f7xx_hal.o
 .debug_macro   0x00001041       0x3b ./system/src/stm32f7-hal/stm32f7xx_hal.o
 .debug_macro   0x0000107c      0x34e ./system/src/stm32f7-hal/stm32f7xx_hal.o
 .debug_macro   0x000013ca       0x35 ./system/src/stm32f7-hal/stm32f7xx_hal.o
 .debug_macro   0x000013ff       0x50 ./system/src/stm32f7-hal/stm32f7xx_hal.o
 .debug_macro   0x0000144f     0x1114 ./system/src/stm32f7-hal/stm32f7xx_hal.o
 .debug_macro   0x00002563     0xa6d7 ./system/src/stm32f7-hal/stm32f7xx_hal.o
 .debug_macro   0x0000cc3a       0x43 ./system/src/stm32f7-hal/stm32f7xx_hal.o
 .debug_macro   0x0000cc7d     0x2c17 ./system/src/stm32f7-hal/stm32f7xx_hal.o
 .debug_macro   0x0000f894       0x58 ./system/src/stm32f7-hal/stm32f7xx_hal.o
 .debug_macro   0x0000f8ec       0x22 ./system/src/stm32f7-hal/stm32f7xx_hal.o
 .debug_macro   0x0000f90e       0x35 ./system/src/stm32f7-hal/stm32f7xx_hal.o
 .debug_macro   0x0000f943       0x9c ./system/src/stm32f7-hal/stm32f7xx_hal.o
 .debug_macro   0x0000f9df       0x16 ./system/src/stm32f7-hal/stm32f7xx_hal.o
 .debug_macro   0x0000f9f5       0x4a ./system/src/stm32f7-hal/stm32f7xx_hal.o
 .debug_macro   0x0000fa3f       0x97 ./system/src/stm32f7-hal/stm32f7xx_hal.o
 .debug_macro   0x0000fad6      0x329 ./system/src/stm32f7-hal/stm32f7xx_hal.o
 .debug_macro   0x0000fdff       0xfd ./system/src/stm32f7-hal/stm32f7xx_hal.o
 .debug_macro   0x0000fefc       0x10 ./system/src/stm32f7-hal/stm32f7xx_hal.o
 .debug_macro   0x0000ff0c       0x52 ./system/src/stm32f7-hal/stm32f7xx_hal.o
 .debug_macro   0x0000ff5e       0x16 ./system/src/stm32f7-hal/stm32f7xx_hal.o
 .debug_macro   0x0000ff74       0x43 ./system/src/stm32f7-hal/stm32f7xx_hal.o
 .debug_macro   0x0000ffb7      0x187 ./system/src/stm32f7-hal/stm32f7xx_hal.o
 .debug_macro   0x0001013e       0x10 ./system/src/stm32f7-hal/stm32f7xx_hal.o
 .debug_macro   0x0001014e       0x22 ./system/src/stm32f7-hal/stm32f7xx_hal.o
 .debug_macro   0x00010170       0x22 ./system/src/stm32f7-hal/stm32f7xx_hal.o
 .debug_macro   0x00010192       0x3a ./system/src/stm32f7-hal/stm32f7xx_hal.o
 .debug_macro   0x000101cc       0x10 ./system/src/stm32f7-hal/stm32f7xx_hal.o
 .debug_macro   0x000101dc       0x40 ./system/src/stm32f7-hal/stm32f7xx_hal.o
 .debug_macro   0x0001021c       0x65 ./system/src/stm32f7-hal/stm32f7xx_hal.o
 .debug_macro   0x00010281       0x16 ./system/src/stm32f7-hal/stm32f7xx_hal.o
 .debug_macro   0x00010297      0x197 ./system/src/stm32f7-hal/stm32f7xx_hal.o
 .debug_macro   0x0001042e       0x57 ./system/src/stm32f7-hal/stm32f7xx_hal.o
 .debug_macro   0x00010485      0x5bb ./system/src/stm32f7-hal/stm32f7xx_hal.o
 .debug_macro   0x00010a40     0x188a ./system/src/stm32f7-hal/stm32f7xx_hal.o
 .debug_macro   0x000122ca       0xdd ./system/src/stm32f7-hal/stm32f7xx_hal.o
 .debug_macro   0x000123a7      0x11e ./system/src/stm32f7-hal/stm32f7xx_hal.o
 .debug_macro   0x000124c5      0x1f4 ./system/src/stm32f7-hal/stm32f7xx_hal.o
 .debug_macro   0x000126b9       0x27 ./system/src/stm32f7-hal/stm32f7xx_hal.o
 .debug_macro   0x000126e0      0x272 ./system/src/stm32f7-hal/stm32f7xx_hal.o
 .debug_macro   0x00012952       0x5f ./system/src/stm32f7-hal/stm32f7xx_hal.o
 .debug_macro   0x000129b1      0x241 ./system/src/stm32f7-hal/stm32f7xx_hal.o
 .debug_macro   0x00012bf2      0x313 ./system/src/stm32f7-hal/stm32f7xx_hal.o
 .debug_macro   0x00012f05      0x14d ./system/src/stm32f7-hal/stm32f7xx_hal.o
 .debug_macro   0x00013052       0xd6 ./system/src/stm32f7-hal/stm32f7xx_hal.o
 .debug_macro   0x00013128      0x360 ./system/src/stm32f7-hal/stm32f7xx_hal.o
 .debug_macro   0x00013488      0x272 ./system/src/stm32f7-hal/stm32f7xx_hal.o
 .debug_macro   0x000136fa       0xab ./system/src/stm32f7-hal/stm32f7xx_hal.o
 .debug_macro   0x000137a5       0x4c ./system/src/stm32f7-hal/stm32f7xx_hal.o
 .debug_macro   0x000137f1       0x2e ./system/src/stm32f7-hal/stm32f7xx_hal.o
 .debug_macro   0x0001381f      0x1f3 ./system/src/stm32f7-hal/stm32f7xx_hal.o
 .debug_macro   0x00013a12       0xe6 ./system/src/stm32f7-hal/stm32f7xx_hal.o
 .debug_macro   0x00013af8       0xa1 ./system/src/stm32f7-hal/stm32f7xx_hal.o
 .debug_macro   0x00013b99       0x3c ./system/src/stm32f7-hal/stm32f7xx_hal.o
 .debug_macro   0x00013bd5       0x6c ./system/src/stm32f7-hal/stm32f7xx_hal.o
 .debug_macro   0x00013c41      0x1aa ./system/src/stm32f7-hal/stm32f7xx_hal.o
 .debug_macro   0x00013deb      0xda1 ./system/src/stm32f7-hal/stm32f7xx_hal.o
 .debug_macro   0x00014b8c      0x111 ./system/src/stm32f7-hal/stm32f7xx_hal.o
 .debug_macro   0x00014c9d      0x293 ./system/src/stm32f7-hal/stm32f7xx_hal.o
 .debug_macro   0x00014f30      0x50f ./system/src/stm32f7-hal/stm32f7xx_hal.o
 .debug_macro   0x0001543f       0x88 ./system/src/stm32f7-hal/stm32f7xx_hal.o
 .debug_macro   0x000154c7       0xce ./system/src/stm32f7-hal/stm32f7xx_hal.o
 .debug_macro   0x00015595       0x10 ./system/src/stm32f7-hal/stm32f7xx_hal.o
 .debug_macro   0x000155a5      0x1d0 ./system/src/stm32f7-hal/stm32f7xx_hal.o
 .debug_macro   0x00015775       0x22 ./system/src/stm32f7-hal/stm32f7xx_hal.o
 .debug_macro   0x00015797       0x66 ./system/src/stm32f7-hal/stm32f7xx_hal.o
 .debug_macro   0x000157fd      0x1b5 ./system/src/stm32f7-hal/stm32f7xx_hal.o
 .debug_macro   0x000159b2       0xab ./system/src/stm32f7-hal/stm32f7xx_hal.o
 .debug_macro   0x00015a5d      0x22c ./system/src/stm32f7-hal/stm32f7xx_hal.o
 .debug_macro   0x00015c89      0x240 ./system/src/stm32f7-hal/stm32f7xx_hal.o
 .debug_macro   0x00015ec9      0x133 ./system/src/stm32f7-hal/stm32f7xx_hal.o
 .debug_macro   0x00015ffc      0x10c ./system/src/stm32f7-hal/stm32f7xx_hal.o
 .debug_macro   0x00016108       0x3c ./system/src/stm32f7-hal/stm32f7xx_hal.o
 .debug_macro   0x00016144      0x2db ./system/src/stm32f7-hal/stm32f7xx_hal.o
 .debug_macro   0x0001641f       0x7b ./system/src/stm32f7-hal/stm32f7xx_hal.o
 .debug_macro   0x0001649a      0x313 ./system/src/stm32f7-hal/stm32f7xx_hal.o
 .debug_macro   0x000167ad      0x4dc ./system/src/stm32f7-hal/stm32f7xx_hal.o
 .debug_macro   0x00016c89       0xd6 ./system/src/stm32f7-hal/stm32f7xx_hal.o
 .debug_macro   0x00016d5f      0x398 ./system/src/stm32f7-hal/stm32f7xx_hal.o
 .debug_macro   0x000170f7       0xd6 ./system/src/stm32f7-hal/stm32f7xx_hal.o
 .debug_macro   0x000171cd      0x398 ./system/src/stm32f7-hal/stm32f7xx_hal.o
 .debug_macro   0x00017565      0x22b ./system/src/stm32f7-hal/stm32f7xx_hal.o
 .debug_macro   0x00017790      0x1ed ./system/src/stm32f7-hal/stm32f7xx_hal.o
 .debug_macro   0x0001797d      0x2e2 ./system/src/stm32f7-hal/stm32f7xx_hal.o
 .debug_macro   0x00017c5f      0x677 ./system/src/stm32f7-hal/stm32f7xx_hal.o
 .debug_macro   0x000182d6      0x24f ./system/src/stm32f7-hal/stm32f7xx_hal.o
 .debug_macro   0x00018525      0x138 ./system/src/stm32f7-hal/stm32f7xx_hal.o
 .debug_macro   0x0001865d      0x4e8 ./system/src/stm32f7-hal/stm32f7xx_hal.o
 .debug_macro   0x00018b45       0x47 ./system/src/stm32f7-hal/stm32f7xx_hal.o
 .debug_macro   0x00018b8c      0x1df ./system/src/stm32f7-hal/stm32f7xx_hal.o
 .debug_macro   0x00018d6b       0x29 ./system/src/stm32f7-hal/stm32f7xx_hal.o
 .debug_macro   0x00018d94       0x58 ./system/src/stm32f7-hal/stm32f7xx_hal.o
 .debug_macro   0x00018dec      0x1c3 ./system/src/stm32f7-hal/stm32f7xx_hal.o
 .debug_macro   0x00018faf       0x30 ./system/src/stm32f7-hal/stm32f7xx_hal.o
 .debug_macro   0x00018fdf       0x58 ./system/src/stm32f7-hal/stm32f7xx_hal.o
 .debug_macro   0x00019037      0x2cd ./system/src/stm32f7-hal/stm32f7xx_hal.o
 .debug_macro   0x00019304       0x10 ./system/src/stm32f7-hal/stm32f7xx_hal.o
 .debug_macro   0x00019314       0xa5 ./system/src/stm32f7-hal/stm32f7xx_hal.o
 .debug_macro   0x000193b9       0x8d ./system/src/stm32f7-hal/stm32f7xx_hal.o
 .debug_macro   0x00019446      0x1df ./system/src/stm32f7-hal/stm32f7xx_hal.o
 .debug_macro   0x00019625      0x119 ./system/src/stm32f7-hal/stm32f7xx_hal.o
 .debug_macro   0x0001973e       0x75 ./system/src/stm32f7-hal/stm32f7xx_hal.o
 .debug_macro   0x000197b3      0x130 ./system/src/stm32f7-hal/stm32f7xx_hal.o
 .debug_macro   0x000198e3      0x4d1 ./system/src/stm32f7-hal/stm32f7xx_hal_cortex.o
 .debug_macro   0x00019db4      0x509 ./system/src/stm32f7-hal/stm32f7xx_hal_gpio.o
 .debug_macro   0x0001a2bd      0x4e9 ./system/src/stm32f7-hal/stm32f7xx_hal_pwr_ex.o
 .debug_macro   0x0001a7a6      0x4f5 ./system/src/stm32f7-hal/stm32f7xx_hal_rcc.o
 .debug_macro   0x0001ac9b      0x172 ./system/src/newlib/_exit.o
 .debug_macro   0x0001ae0d      0x10e ./system/src/newlib/_exit.o
 .debug_macro   0x0001af1b       0x8d ./system/src/newlib/_exit.o
 .debug_macro   0x0001afa8       0x35 ./system/src/newlib/_exit.o
 .debug_macro   0x0001afdd      0x12e ./system/src/newlib/_sbrk.o
 .debug_macro   0x0001b10b      0x174 ./system/src/newlib/_sbrk.o
 .debug_macro   0x0001b27f       0x10 ./system/src/newlib/_sbrk.o
 .debug_macro   0x0001b28f      0x23b ./system/src/newlib/_sbrk.o
 .debug_macro   0x0001b4ca      0x138 ./system/src/newlib/_startup.o
 .debug_macro   0x0001b602      0x8aa ./system/src/newlib/_startup.o
 .debug_macro   0x0001beac      0x1c6 ./system/src/newlib/_syscalls.o
 .debug_macro   0x0001c072       0x1c ./system/src/newlib/_syscalls.o
 .debug_macro   0x0001c08e       0x10 ./system/src/newlib/_syscalls.o
 .debug_macro   0x0001c09e       0x10 ./system/src/newlib/_syscalls.o
 .debug_macro   0x0001c0ae       0x10 ./system/src/newlib/_syscalls.o
 .debug_macro   0x0001c0be       0x35 ./system/src/newlib/_syscalls.o
 .debug_macro   0x0001c0f3      0x122 ./system/src/newlib/_syscalls.o
 .debug_macro   0x0001c215       0x88 ./system/src/newlib/_syscalls.o
 .debug_macro   0x0001c29d       0x2b ./system/src/newlib/_syscalls.o
 .debug_macro   0x0001c2c8      0x118 ./system/src/newlib/_syscalls.o
 .debug_macro   0x0001c3e0      0x159 ./system/src/newlib/_syscalls.o
 .debug_macro   0x0001c539       0x16 ./system/src/newlib/_syscalls.o
 .debug_macro   0x0001c54f      0x18e ./system/src/newlib/assert.o
 .debug_macro   0x0001c6dd       0x1c ./system/src/newlib/assert.o
 .debug_macro   0x0001c6f9      0x19f ./system/src/diag/Trace.o
 .debug_macro   0x0001c898       0x52 ./system/src/diag/Trace.o
 .debug_macro   0x0001c8ea       0x16 ./system/src/diag/Trace.o
 .debug_macro   0x0001c900      0x508 ./system/src/diag/trace_impl.o
 .debug_macro   0x0001ce08       0x22 ./system/src/diag/trace_impl.o
 .debug_macro   0x0001ce2a      0x4cc ./system/src/cortexm/_initialize_hardware.o
 .debug_macro   0x0001d2f6      0x521 ./system/src/cortexm/exception_handlers.o
 .debug_macro   0x0001d817       0x3b ./system/src/cortexm/exception_handlers.o
 .debug_macro   0x0001d852      0x4d7 ./system/src/cmsis/system_stm32f7xx.o
 .debug_macro   0x0001dd29      0x136 ./system/src/cmsis/system_stm32f7xx.o
 .debug_macro   0x0001de5f       0x34 ./system/src/cmsis/vectors_stm32f746xx.o
 .debug_macro   0x0001de93      0x4cb ./src/_initialize_hardware.o
 .debug_macro   0x0001e35e      0x5a7 ./src/main.o
 .debug_macro   0x0001e905      0x117 ./src/main.o
 .debug_macro   0x0001ea1c      0x15d ./src/main.o
 .debug_macro   0x0001eb79       0xe4 ./src/main.o
 .debug_macro   0x0001ec5d       0x10 ./src/main.o
 .debug_macro   0x0001ec6d       0x1f ./src/main.o
 .debug_macro   0x0001ec8c      0x3bc ./src/main.o
 .debug_macro   0x0001f048       0xc0 ./src/main.o
 .debug_macro   0x0001f108       0x9a ./src/main.o
 .debug_macro   0x0001f1a2      0x4d1 ./src/stm32f7xx_hal_msp.o
 .debug_macro   0x0001f673      0x575 ./FreeRTOS/portable/MemMang/heap_4.o
 .debug_macro   0x0001fbe8       0x1c ./FreeRTOS/portable/MemMang/heap_4.o
 .debug_macro   0x0001fc04      0x5ea ./FreeRTOS/portable/GCC/ARM_CM7/r0p1/port.o
 .debug_macro   0x000201ee      0x54e ./FreeRTOS/list.o
 .debug_macro   0x0002073c      0x5fc ./FreeRTOS/tasks.o
 .debug_macro   0x00020d38       0x10 ./FreeRTOS/tasks.o
