Archive member included to satisfy reference by file (symbol)

e:/programowanie/stm32_toolchain/5.2 2015q4/bin/../lib/gcc/arm-none-eabi/5.2.1/../../../../arm-none-eabi/lib/armv7e-m\libg_nano.a(lib_a-errno.o)
                              ./system/src/newlib/_sbrk.o (__errno)
e:/programowanie/stm32_toolchain/5.2 2015q4/bin/../lib/gcc/arm-none-eabi/5.2.1/../../../../arm-none-eabi/lib/armv7e-m\libg_nano.a(lib_a-impure.o)
                              e:/programowanie/stm32_toolchain/5.2 2015q4/bin/../lib/gcc/arm-none-eabi/5.2.1/../../../../arm-none-eabi/lib/armv7e-m\libg_nano.a(lib_a-errno.o) (_impure_ptr)
e:/programowanie/stm32_toolchain/5.2 2015q4/bin/../lib/gcc/arm-none-eabi/5.2.1/../../../../arm-none-eabi/lib/armv7e-m\libg_nano.a(lib_a-strlen.o)
                              ./system/src/diag/Trace.o (strlen)
e:/programowanie/stm32_toolchain/5.2 2015q4/bin/../lib/gcc/arm-none-eabi/5.2.1/../../../../arm-none-eabi/lib/armv7e-m\libg_nano.a(lib_a-vsnprintf.o)
                              ./system/src/diag/Trace.o (vsnprintf)
e:/programowanie/stm32_toolchain/5.2 2015q4/bin/../lib/gcc/arm-none-eabi/5.2.1/../../../../arm-none-eabi/lib/armv7e-m\libg_nano.a(lib_a-nano-svfprintf.o)
                              e:/programowanie/stm32_toolchain/5.2 2015q4/bin/../lib/gcc/arm-none-eabi/5.2.1/../../../../arm-none-eabi/lib/armv7e-m\libg_nano.a(lib_a-vsnprintf.o) (_svfprintf_r)
e:/programowanie/stm32_toolchain/5.2 2015q4/bin/../lib/gcc/arm-none-eabi/5.2.1/../../../../arm-none-eabi/lib/armv7e-m\libg_nano.a(lib_a-nano-vfprintf_i.o)
                              e:/programowanie/stm32_toolchain/5.2 2015q4/bin/../lib/gcc/arm-none-eabi/5.2.1/../../../../arm-none-eabi/lib/armv7e-m\libg_nano.a(lib_a-nano-svfprintf.o) (_printf_i)
e:/programowanie/stm32_toolchain/5.2 2015q4/bin/../lib/gcc/arm-none-eabi/5.2.1/../../../../arm-none-eabi/lib/armv7e-m\libg_nano.a(lib_a-memchr.o)
                              e:/programowanie/stm32_toolchain/5.2 2015q4/bin/../lib/gcc/arm-none-eabi/5.2.1/../../../../arm-none-eabi/lib/armv7e-m\libg_nano.a(lib_a-nano-svfprintf.o) (memchr)
e:/programowanie/stm32_toolchain/5.2 2015q4/bin/../lib/gcc/arm-none-eabi/5.2.1/../../../../arm-none-eabi/lib/armv7e-m\libg_nano.a(lib_a-memcpy-stub.o)
                              e:/programowanie/stm32_toolchain/5.2 2015q4/bin/../lib/gcc/arm-none-eabi/5.2.1/../../../../arm-none-eabi/lib/armv7e-m\libg_nano.a(lib_a-nano-svfprintf.o) (memcpy)
e:/programowanie/stm32_toolchain/5.2 2015q4/bin/../lib/gcc/arm-none-eabi/5.2.1/../../../../arm-none-eabi/lib/armv7e-m\libg_nano.a(lib_a-memmove.o)
                              e:/programowanie/stm32_toolchain/5.2 2015q4/bin/../lib/gcc/arm-none-eabi/5.2.1/../../../../arm-none-eabi/lib/armv7e-m\libg_nano.a(lib_a-nano-svfprintf.o) (memmove)
e:/programowanie/stm32_toolchain/5.2 2015q4/bin/../lib/gcc/arm-none-eabi/5.2.1/../../../../arm-none-eabi/lib/armv7e-m\libg_nano.a(lib_a-nano-freer.o)
                              e:/programowanie/stm32_toolchain/5.2 2015q4/bin/../lib/gcc/arm-none-eabi/5.2.1/../../../../arm-none-eabi/lib/armv7e-m\libg_nano.a(lib_a-nano-svfprintf.o) (_free_r)
e:/programowanie/stm32_toolchain/5.2 2015q4/bin/../lib/gcc/arm-none-eabi/5.2.1/../../../../arm-none-eabi/lib/armv7e-m\libg_nano.a(lib_a-nano-mallocr.o)
                              e:/programowanie/stm32_toolchain/5.2 2015q4/bin/../lib/gcc/arm-none-eabi/5.2.1/../../../../arm-none-eabi/lib/armv7e-m\libg_nano.a(lib_a-nano-svfprintf.o) (_malloc_r)
e:/programowanie/stm32_toolchain/5.2 2015q4/bin/../lib/gcc/arm-none-eabi/5.2.1/../../../../arm-none-eabi/lib/armv7e-m\libg_nano.a(lib_a-nano-reallocr.o)
                              e:/programowanie/stm32_toolchain/5.2 2015q4/bin/../lib/gcc/arm-none-eabi/5.2.1/../../../../arm-none-eabi/lib/armv7e-m\libg_nano.a(lib_a-nano-svfprintf.o) (_realloc_r)
e:/programowanie/stm32_toolchain/5.2 2015q4/bin/../lib/gcc/arm-none-eabi/5.2.1/../../../../arm-none-eabi/lib/armv7e-m\libg_nano.a(lib_a-sbrkr.o)
                              e:/programowanie/stm32_toolchain/5.2 2015q4/bin/../lib/gcc/arm-none-eabi/5.2.1/../../../../arm-none-eabi/lib/armv7e-m\libg_nano.a(lib_a-nano-mallocr.o) (_sbrk_r)
e:/programowanie/stm32_toolchain/5.2 2015q4/bin/../lib/gcc/arm-none-eabi/5.2.1/../../../../arm-none-eabi/lib/armv7e-m\libg_nano.a(lib_a-nano-msizer.o)
                              e:/programowanie/stm32_toolchain/5.2 2015q4/bin/../lib/gcc/arm-none-eabi/5.2.1/../../../../arm-none-eabi/lib/armv7e-m\libg_nano.a(lib_a-nano-reallocr.o) (_malloc_usable_size_r)

Allocating common symbols
Common symbol       size              file

errno               0x4               ./system/src/newlib/_syscalls.o
pFlash              0x1c              ./system/src/stm32f7-hal/stm32f7xx_hal_flash.o

Discarded input sections

 .group         0x00000000        0x8 ./system/src/stm32f7-hal/stm32f7xx_hal.o
 .group         0x00000000        0x8 ./system/src/stm32f7-hal/stm32f7xx_hal.o
 .group         0x00000000        0x8 ./system/src/stm32f7-hal/stm32f7xx_hal.o
[...]
Memory Configuration

Name             Origin             Length             Attributes
RAM              0x20000000         0x00050000         xrw
CCMRAM           0x10000000         0x00000000         xrw
FLASH            0x08000000         0x00100000         xr
FLASHB1          0x00000000         0x00000000         xr
EXTMEMB0         0x00000000         0x00000000         xr
EXTMEMB1         0x00000000         0x00000000         xr
EXTMEMB2         0x00000000         0x00000000         xr
EXTMEMB3         0x00000000         0x00000000         xr
*default*        0x00000000         0xffffffff

Linker script and memory map

LOAD ./system/src/stm32f7-hal/stm32f7xx_hal.o
LOAD ./system/src/stm32f7-hal/stm32f7xx_hal_cortex.o
LOAD ./system/src/stm32f7-hal/stm32f7xx_hal_crc_ex.o
LOAD ./system/src/stm32f7-hal/stm32f7xx_hal_flash.o
LOAD ./system/src/stm32f7-hal/stm32f7xx_hal_gpio.o
LOAD ./system/src/stm32f7-hal/stm32f7xx_hal_iwdg.o
LOAD ./system/src/stm32f7-hal/stm32f7xx_hal_pwr.o
LOAD ./system/src/stm32f7-hal/stm32f7xx_hal_pwr_ex.o
LOAD ./system/src/stm32f7-hal/stm32f7xx_hal_rcc.o
LOAD ./system/src/stm32f7-hal/stm32f7xx_hal_rcc_ex.o
LOAD ./system/src/stm32f7-hal/stm32f7xx_hal_smartcard_ex.o
LOAD ./system/src/newlib/_cxx.o
LOAD ./system/src/newlib/_exit.o
LOAD ./system/src/newlib/_sbrk.o
LOAD ./system/src/newlib/_startup.o
LOAD ./system/src/newlib/_syscalls.o
LOAD ./system/src/newlib/assert.o
LOAD ./system/src/diag/Trace.o
LOAD ./system/src/diag/trace_impl.o
LOAD ./system/src/cortexm/_initialize_hardware.o
LOAD ./system/src/cortexm/_reset_hardware.o
LOAD ./system/src/cortexm/exception_handlers.o
LOAD ./system/src/cmsis/system_stm32f7xx.o
LOAD ./system/src/cmsis/vectors_stm32f746xx.o
LOAD ./src/_initialize_hardware.o
LOAD ./src/_write.o
LOAD ./src/main.o
LOAD ./src/stm32f7xx_hal_msp.o
LOAD e:/programowanie/stm32_toolchain/5.2 2015q4/bin/../lib/gcc/arm-none-eabi/5.2.1/../../../../arm-none-eabi/lib/armv7e-m\libstdc++_nano.a
LOAD e:/programowanie/stm32_toolchain/5.2 2015q4/bin/../lib/gcc/arm-none-eabi/5.2.1/../../../../arm-none-eabi/lib/armv7e-m\libm.a
START GROUP
LOAD e:/programowanie/stm32_toolchain/5.2 2015q4/bin/../lib/gcc/arm-none-eabi/5.2.1/armv7e-m\libgcc.a
LOAD e:/programowanie/stm32_toolchain/5.2 2015q4/bin/../lib/gcc/arm-none-eabi/5.2.1/../../../../arm-none-eabi/lib/armv7e-m\libg_nano.a
LOAD e:/programowanie/stm32_toolchain/5.2 2015q4/bin/../lib/gcc/arm-none-eabi/5.2.1/../../../../arm-none-eabi/lib/armv7e-m\libc_nano.a
END GROUP
START GROUP
LOAD e:/programowanie/stm32_toolchain/5.2 2015q4/bin/../lib/gcc/arm-none-eabi/5.2.1/armv7e-m\libgcc.a
LOAD e:/programowanie/stm32_toolchain/5.2 2015q4/bin/../lib/gcc/arm-none-eabi/5.2.1/../../../../arm-none-eabi/lib/armv7e-m\libc_nano.a
END GROUP
                0x20050000                __stack = (ORIGIN (RAM) + LENGTH (RAM))
                0x20050000                _estack = __stack
                0x00000400                __Main_Stack_Size = 0x400
                [!provide]                PROVIDE (_Main_Stack_Size, __Main_Stack_Size)
                0x2004fc00                __Main_Stack_Limit = (__stack - __Main_Stack_Size)
                [!provide]                PROVIDE (_Main_Stack_Limit, __Main_Stack_Limit)
                0x00000100                _Minimum_Stack_Size = 0x100
                0x20000118                PROVIDE (_Heap_Begin, _end_noinit)
                0x2004fc00                PROVIDE (_Heap_Limit, (__stack - __Main_Stack_Size))

.isr_vector     0x08000000      0x42c
 FILL mask 0xff
                0x08000000                __vectors_start = ABSOLUTE (.)
                0x08000000                __vectors_start__ = ABSOLUTE (.)
 *(.isr_vector)
 .isr_vector    0x08000000      0x1c8 ./system/src/cmsis/vectors_stm32f746xx.o
                0x08000000                __isr_vectors
 *(.cfmconfig)
 *(.after_vectors .after_vectors.*)
 .after_vectors
                0x080001c8      0x130 ./system/src/newlib/_startup.o
                0x080001c8                _start
 .after_vectors
                0x080002f8      0x130 ./system/src/cortexm/exception_handlers.o
                0x080002f8                Reset_Handler
                0x08000300                NMI_Handler
                0x08000304                HardFault_Handler
                0x08000318                HardFault_Handler_C
                0x08000378                MemManage_Handler
                0x0800037c                BusFault_Handler
                0x08000390                BusFault_Handler_C
                0x080003c4                UsageFault_Handler
                0x080003d8                UsageFault_Handler_C
                0x0800040c                SVC_Handler
                0x08000410                DebugMon_Handler
                0x08000414                PendSV_Handler
                0x08000418                SysTick_Handler
 .after_vectors
                0x08000428        0x4 ./system/src/cmsis/vectors_stm32f746xx.o
                0x08000428                RTC_Alarm_IRQHandler
                0x08000428                EXTI2_IRQHandler
                0x08000428                TIM8_CC_IRQHandler
                0x08000428                UART8_IRQHandler
                0x08000428                SPI4_IRQHandler
                0x08000428                TIM1_CC_IRQHandler
                0x08000428                DMA2_Stream5_IRQHandler
                0x08000428                DMA1_Stream5_IRQHandler
                0x08000428                PVD_IRQHandler
                0x08000428                TAMP_STAMP_IRQHandler
                0x08000428                CAN2_RX1_IRQHandler
                0x08000428                EXTI3_IRQHandler
                0x08000428                TIM8_TRG_COM_TIM14_IRQHandler
                0x08000428                TIM1_UP_TIM10_IRQHandler
                0x08000428                TIM8_UP_TIM13_IRQHandler
                0x08000428                I2C3_ER_IRQHandler
                0x08000428                EXTI0_IRQHandler
                0x08000428                I2C2_EV_IRQHandler
                0x08000428                DMA1_Stream2_IRQHandler
                0x08000428                CAN1_RX0_IRQHandler
                0x08000428                FPU_IRQHandler
                0x08000428                OTG_HS_WKUP_IRQHandler
                0x08000428                LTDC_ER_IRQHandler
                0x08000428                CAN2_SCE_IRQHandler
                0x08000428                DMA2_Stream2_IRQHandler
                0x08000428                SPI1_IRQHandler
                0x08000428                TIM6_DAC_IRQHandler
                0x08000428                TIM1_BRK_TIM9_IRQHandler
                0x08000428                DCMI_IRQHandler
                0x08000428                CAN2_RX0_IRQHandler
                0x08000428                DMA2_Stream3_IRQHandler
                0x08000428                SAI2_IRQHandler
                0x08000428                USART6_IRQHandler
                0x08000428                USART3_IRQHandler
                0x08000428                CAN1_RX1_IRQHandler
                0x08000428                UART5_IRQHandler
                0x08000428                DMA2_Stream0_IRQHandler
                0x08000428                TIM4_IRQHandler
                0x08000428                QUADSPI_IRQHandler
                0x08000428                I2C1_EV_IRQHandler
                0x08000428                DMA1_Stream6_IRQHandler
                0x08000428                DMA1_Stream1_IRQHandler
                0x08000428                UART4_IRQHandler
                0x08000428                TIM3_IRQHandler
                0x08000428                RCC_IRQHandler
                0x08000428                TIM8_BRK_TIM12_IRQHandler
                0x08000428                Default_Handler
                0x08000428                CEC_IRQHandler
                0x08000428                EXTI15_10_IRQHandler
                0x08000428                ADC_IRQHandler
                0x08000428                DMA1_Stream7_IRQHandler
                0x08000428                SPI5_IRQHandler
                0x08000428                TIM7_IRQHandler
                0x08000428                SDMMC1_IRQHandler
                0x08000428                CAN2_TX_IRQHandler
                0x08000428                TIM5_IRQHandler
                0x08000428                DMA2_Stream7_IRQHandler
                0x08000428                I2C3_EV_IRQHandler
                0x08000428                EXTI9_5_IRQHandler
                0x08000428                RTC_WKUP_IRQHandler
                0x08000428                LTDC_IRQHandler
                0x08000428                ETH_WKUP_IRQHandler
                0x08000428                SPDIF_RX_IRQHandler
                0x08000428                SPI2_IRQHandler
                0x08000428                OTG_HS_EP1_IN_IRQHandler
                0x08000428                DMA1_Stream0_IRQHandler
                0x08000428                CAN1_TX_IRQHandler
                0x08000428                EXTI4_IRQHandler
                0x08000428                RNG_IRQHandler
                0x08000428                ETH_IRQHandler
                0x08000428                OTG_HS_EP1_OUT_IRQHandler
                0x08000428                WWDG_IRQHandler
                0x08000428                SPI6_IRQHandler
                0x08000428                I2C4_EV_IRQHandler
                0x08000428                TIM2_IRQHandler
                0x08000428                OTG_FS_WKUP_IRQHandler
                0x08000428                TIM1_TRG_COM_TIM11_IRQHandler
                0x08000428                OTG_HS_IRQHandler
                0x08000428                DMA2D_IRQHandler
                0x08000428                EXTI1_IRQHandler
                0x08000428                UART7_IRQHandler
                0x08000428                USART2_IRQHandler
                0x08000428                I2C2_ER_IRQHandler
                0x08000428                DMA2_Stream1_IRQHandler
                0x08000428                CAN1_SCE_IRQHandler
                0x08000428                FLASH_IRQHandler
                0x08000428                DMA2_Stream4_IRQHandler
                0x08000428                USART1_IRQHandler
                0x08000428                OTG_FS_IRQHandler
                0x08000428                SPI3_IRQHandler
                0x08000428                DMA1_Stream4_IRQHandler
                0x08000428                I2C1_ER_IRQHandler
                0x08000428                FMC_IRQHandler
                0x08000428                LPTIM1_IRQHandler
                0x08000428                I2C4_ER_IRQHandler
                0x08000428                DMA2_Stream6_IRQHandler
                0x08000428                SAI1_IRQHandler
                0x08000428                DMA1_Stream3_IRQHandler

.inits          0x0800042c       0x28
                0x0800042c                __data_regions_array_start = .
                0x0800042c        0x4 LONG 0x8002020 LOADADDR (.data)
                0x08000430        0x4 LONG 0x20000000 ADDR (.data)
                0x08000434        0x4 LONG 0x20000078 (ADDR (.data) + SIZEOF (.data))
                0x08000438        0x4 LONG 0x8002020 LOADADDR (.data_CCMRAM)
                0x0800043c        0x4 LONG 0x10000000 ADDR (.data_CCMRAM)
                0x08000440        0x4 LONG 0x10000000 (ADDR (.data_CCMRAM) + SIZEOF (.data_CCMRAM))
                0x08000444                __data_regions_array_end = .
                0x08000444                __bss_regions_array_start = .
                0x08000444        0x4 LONG 0x20000078 ADDR (.bss)
                0x08000448        0x4 LONG 0x20000118 (ADDR (.bss) + SIZEOF (.bss))
                0x0800044c        0x4 LONG 0x10000000 ADDR (.bss_CCMRAM)
                0x08000450        0x4 LONG 0x10000000 (ADDR (.bss_CCMRAM) + SIZEOF (.bss_CCMRAM))
                0x08000454                __bss_regions_array_end = .
 *(.init)
 *(.fini)
                0x08000454                . = ALIGN (0x4)
                0x08000454                PROVIDE (__preinit_array_start, .)
 *(.preinit_array_sysinit .preinit_array_sysinit.*)
 *(.preinit_array_platform .preinit_array_platform.*)
 *(.preinit_array .preinit_array.*)
                0x08000454                PROVIDE (__preinit_array_end, .)
                0x08000454                . = ALIGN (0x4)
                0x08000454                PROVIDE (__init_array_start, .)
 *(SORT(.init_array.*))
 *(.init_array)
                0x08000454                PROVIDE (__init_array_end, .)
                0x08000454                . = ALIGN (0x4)
                0x08000454                PROVIDE (__fini_array_start, .)
 *(SORT(.fini_array.*))
 *(.fini_array)
                0x08000454                PROVIDE (__fini_array_end, .)

.flashtext
 *(.flashtext .flashtext.*)

.text           0x08000460     0x1bbd
 *(.text .text.*)
 .text.HAL_InitTick
                0x08000460       0x28 ./system/src/stm32f7-hal/stm32f7xx_hal.o
                0x08000460                HAL_InitTick
 .text.HAL_Init
                0x08000488       0x24 ./system/src/stm32f7-hal/stm32f7xx_hal.o
                0x08000488                HAL_Init
 .text.HAL_GetTick
                0x080004ac        0xc ./system/src/stm32f7-hal/stm32f7xx_hal.o
                0x080004ac                HAL_GetTick
 .text.HAL_NVIC_SetPriorityGrouping
                0x080004b8       0x3c ./system/src/stm32f7-hal/stm32f7xx_hal_cortex.o
                0x080004b8                HAL_NVIC_SetPriorityGrouping
 .text.HAL_NVIC_SetPriority
                0x080004f4       0x80 ./system/src/stm32f7-hal/stm32f7xx_hal_cortex.o
                0x080004f4                HAL_NVIC_SetPriority
 .text.HAL_SYSTICK_Config
                0x08000574       0x2c ./system/src/stm32f7-hal/stm32f7xx_hal_cortex.o
                0x08000574                HAL_SYSTICK_Config
 .text.HAL_SYSTICK_CLKSourceConfig
                0x080005a0       0x3c ./system/src/stm32f7-hal/stm32f7xx_hal_cortex.o
                0x080005a0                HAL_SYSTICK_CLKSourceConfig
 .text.HAL_PWREx_EnableOverDrive
                0x080005dc       0x80 ./system/src/stm32f7-hal/stm32f7xx_hal_pwr_ex.o
                0x080005dc                HAL_PWREx_EnableOverDrive
 .text.HAL_RCC_OscConfig
                0x0800065c      0x580 ./system/src/stm32f7-hal/stm32f7xx_hal_rcc.o
                0x0800065c                HAL_RCC_OscConfig
 .text.HAL_RCC_ClockConfig
                0x08000bdc      0x340 ./system/src/stm32f7-hal/stm32f7xx_hal_rcc.o
                0x08000bdc                HAL_RCC_ClockConfig
 .text.HAL_RCC_GetSysClockFreq
                0x08000f1c       0xa0 ./system/src/stm32f7-hal/stm32f7xx_hal_rcc.o
                0x08000f1c                HAL_RCC_GetSysClockFreq
 .text.HAL_RCC_GetHCLKFreq
                0x08000fbc       0x34 ./system/src/stm32f7-hal/stm32f7xx_hal_rcc.o
                0x08000fbc                HAL_RCC_GetHCLKFreq
 .text._exit    0x08000ff0        0x4 ./system/src/newlib/_exit.o
                0x08000ff0                _exit
 .text.abort    0x08000ff4       0x14 ./system/src/newlib/_exit.o
                0x08000ff4                abort
 .text._sbrk    0x08001008       0x44 ./system/src/newlib/_sbrk.o
                0x08001008                _sbrk
 .text.__initialize_args
                0x0800104c       0x10 ./system/src/newlib/_syscalls.o
                0x0800104c                __initialize_args
 .text.assert_failed
                0x0800105c       0x14 ./system/src/newlib/assert.o
                0x0800105c                assert_failed
 .text.trace_printf
                0x08001070       0x30 ./system/src/diag/Trace.o
                0x08001070                trace_printf
 .text.trace_puts
                0x080010a0       0x20 ./system/src/diag/Trace.o
                0x080010a0                trace_puts
 .text._trace_write_semihosting_debug
                0x080010c0       0x64 ./system/src/diag/trace_impl.o
 .text.trace_write
                0x08001124        0x8 ./system/src/diag/trace_impl.o
                0x08001124                trace_write
 .text.__initialize_hardware_early
                0x0800112c       0x18 ./system/src/cortexm/_initialize_hardware.o
                0x0800112c                __initialize_hardware_early
 .text.dumpExceptionStack
                0x08001144       0xf0 ./system/src/cortexm/exception_handlers.o
                0x08001144                dumpExceptionStack
 .text.isSemihosting
                0x08001234       0x20 ./system/src/cortexm/exception_handlers.o
                0x08001234                isSemihosting
 .text.SystemInit
                0x08001254       0x40 ./system/src/cmsis/system_stm32f7xx.o
                0x08001254                SystemInit
 .text.SystemCoreClockUpdate
                0x08001294       0xa0 ./system/src/cmsis/system_stm32f7xx.o
                0x08001294                SystemCoreClockUpdate
 .text.SystemClock_Config
                0x08001334       0xa0 ./src/_initialize_hardware.o
                0x08001334                SystemClock_Config
 .text.__initialize_hardware
                0x080013d4       0x84 ./src/_initialize_hardware.o
                0x080013d4                __initialize_hardware
 .text.main     0x08001458        0x4 ./src/main.o
                0x08001458                main
 .text.HAL_MspInit
                0x0800145c        0x4 ./src/stm32f7xx_hal_msp.o
                0x0800145c                HAL_MspInit
 .text.__errno  0x08001460        0xc e:/programowanie/stm32_toolchain/5.2 2015q4/bin/../lib/gcc/arm-none-eabi/5.2.1/../../../../arm-none-eabi/lib/armv7e-m\libg_nano.a(lib_a-errno.o)
                0x08001460                __errno
 .text          0x0800146c       0x10 e:/programowanie/stm32_toolchain/5.2 2015q4/bin/../lib/gcc/arm-none-eabi/5.2.1/../../../../arm-none-eabi/lib/armv7e-m\libg_nano.a(lib_a-strlen.o)
                0x0800146c                strlen
 .text._vsnprintf_r
                0x0800147c       0x56 e:/programowanie/stm32_toolchain/5.2 2015q4/bin/../lib/gcc/arm-none-eabi/5.2.1/../../../../arm-none-eabi/lib/armv7e-m\libg_nano.a(lib_a-vsnprintf.o)
                0x0800147c                _vsniprintf_r
                0x0800147c                _vsnprintf_r
 *fill*         0x080014d2        0x2 
 .text.vsnprintf
                0x080014d4       0x1c e:/programowanie/stm32_toolchain/5.2 2015q4/bin/../lib/gcc/arm-none-eabi/5.2.1/../../../../arm-none-eabi/lib/armv7e-m\libg_nano.a(lib_a-vsnprintf.o)
                0x080014d4                vsniprintf
                0x080014d4                vsnprintf
 .text.__ssputs_r
                0x080014f0       0xb2 e:/programowanie/stm32_toolchain/5.2 2015q4/bin/../lib/gcc/arm-none-eabi/5.2.1/../../../../arm-none-eabi/lib/armv7e-m\libg_nano.a(lib_a-nano-svfprintf.o)
                0x080014f0                __ssputs_r
 *fill*         0x080015a2        0x2 
 .text._svfprintf_r
                0x080015a4      0x1e8 e:/programowanie/stm32_toolchain/5.2 2015q4/bin/../lib/gcc/arm-none-eabi/5.2.1/../../../../arm-none-eabi/lib/armv7e-m\libg_nano.a(lib_a-nano-svfprintf.o)
                0x080015a4                _svfiprintf_r
                0x080015a4                _svfprintf_r
 .text._printf_common
                0x0800178c       0xec e:/programowanie/stm32_toolchain/5.2 2015q4/bin/../lib/gcc/arm-none-eabi/5.2.1/../../../../arm-none-eabi/lib/armv7e-m\libg_nano.a(lib_a-nano-vfprintf_i.o)
                0x0800178c                _printf_common
 .text._printf_i
                0x08001878      0x24c e:/programowanie/stm32_toolchain/5.2 2015q4/bin/../lib/gcc/arm-none-eabi/5.2.1/../../../../arm-none-eabi/lib/armv7e-m\libg_nano.a(lib_a-nano-vfprintf_i.o)
                0x08001878                _printf_i
 *fill*         0x08001ac4        0xc 
 .text          0x08001ad0       0xa0 e:/programowanie/stm32_toolchain/5.2 2015q4/bin/../lib/gcc/arm-none-eabi/5.2.1/../../../../arm-none-eabi/lib/armv7e-m\libg_nano.a(lib_a-memchr.o)
                0x08001ad0                memchr
 .text.memcpy   0x08001b70       0x16 e:/programowanie/stm32_toolchain/5.2 2015q4/bin/../lib/gcc/arm-none-eabi/5.2.1/../../../../arm-none-eabi/lib/armv7e-m\libg_nano.a(lib_a-memcpy-stub.o)
                0x08001b70                memcpy
 .text.memmove  0x08001b86       0x36 e:/programowanie/stm32_toolchain/5.2 2015q4/bin/../lib/gcc/arm-none-eabi/5.2.1/../../../../arm-none-eabi/lib/armv7e-m\libg_nano.a(lib_a-memmove.o)
                0x08001b86                memmove
 .text._free_r  0x08001bbc       0x8c e:/programowanie/stm32_toolchain/5.2 2015q4/bin/../lib/gcc/arm-none-eabi/5.2.1/../../../../arm-none-eabi/lib/armv7e-m\libg_nano.a(lib_a-nano-freer.o)
                0x08001bbc                _free_r
 .text._malloc_r
                0x08001c48       0xa8 e:/programowanie/stm32_toolchain/5.2 2015q4/bin/../lib/gcc/arm-none-eabi/5.2.1/../../../../arm-none-eabi/lib/armv7e-m\libg_nano.a(lib_a-nano-mallocr.o)
                0x08001c48                _malloc_r
 .text._realloc_r
                0x08001cf0       0x4c e:/programowanie/stm32_toolchain/5.2 2015q4/bin/../lib/gcc/arm-none-eabi/5.2.1/../../../../arm-none-eabi/lib/armv7e-m\libg_nano.a(lib_a-nano-reallocr.o)
                0x08001cf0                _realloc_r
 .text._sbrk_r  0x08001d3c       0x20 e:/programowanie/stm32_toolchain/5.2 2015q4/bin/../lib/gcc/arm-none-eabi/5.2.1/../../../../arm-none-eabi/lib/armv7e-m\libg_nano.a(lib_a-sbrkr.o)
                0x08001d3c                _sbrk_r
 .text._malloc_usable_size_r
                0x08001d5c       0x14 e:/programowanie/stm32_toolchain/5.2 2015q4/bin/../lib/gcc/arm-none-eabi/5.2.1/../../../../arm-none-eabi/lib/armv7e-m\libg_nano.a(lib_a-nano-msizer.o)
                0x08001d5c                _malloc_usable_size_r
 *(.rodata .rodata.* .constdata .constdata.*)
 .rodata.str1.4
                0x08001d70       0x31 ./system/src/stm32f7-hal/stm32f7xx_hal_cortex.o
 *fill*         0x08001da1        0x3 
 .rodata.APBAHBPrescTable
                0x08001da4       0x10 ./system/src/stm32f7-hal/stm32f7xx_hal_rcc.o
                0x08001da4                APBAHBPrescTable
 .rodata.str1.4
                0x08001db4       0x2e ./system/src/stm32f7-hal/stm32f7xx_hal_rcc.o
 *fill*         0x08001de2        0x2 
 .rodata.str1.4
                0x08001de4       0x14 ./system/src/newlib/_exit.o
 .rodata.str1.4
                0x08001df8       0x6b ./system/src/newlib/assert.o
                                 0x6f (size before relaxing)
 *fill*         0x08001e63        0x1 
 .rodata.str1.4
                0x08001e64       0x29 ./system/src/diag/Trace.o
                                 0x2d (size before relaxing)
 *fill*         0x08001e8d        0x3 
 .rodata.str1.4
                0x08001e90      0x148 ./system/src/cortexm/exception_handlers.o
                                0x146 (size before relaxing)
 .rodata.AHBPrescTable
                0x08001fd8       0x10 ./system/src/cmsis/system_stm32f7xx.o
                0x08001fd8                AHBPrescTable
 .rodata.str1.1
                0x08001fe8        0x2 e:/programowanie/stm32_toolchain/5.2 2015q4/bin/../lib/gcc/arm-none-eabi/5.2.1/../../../../arm-none-eabi/lib/armv7e-m\libg_nano.a(lib_a-impure.o)
 .rodata.str1.1
                0x08001fea       0x11 e:/programowanie/stm32_toolchain/5.2 2015q4/bin/../lib/gcc/arm-none-eabi/5.2.1/../../../../arm-none-eabi/lib/armv7e-m\libg_nano.a(lib_a-nano-svfprintf.o)
 .rodata.str1.1
                0x08001ffb       0x22 e:/programowanie/stm32_toolchain/5.2 2015q4/bin/../lib/gcc/arm-none-eabi/5.2.1/../../../../arm-none-eabi/lib/armv7e-m\libg_nano.a(lib_a-nano-vfprintf_i.o)
 *(vtable)
 *(.eh_frame*)
 *(.glue_7)
 .glue_7        0x0800201d        0x0 linker stubs
 *(.glue_7t)
 .glue_7t       0x0800201d        0x0 linker stubs

.vfp11_veneer   0x08002020        0x0
 .vfp11_veneer  0x08002020        0x0 linker stubs

.v4_bx          0x08002020        0x0
 .v4_bx         0x08002020        0x0 linker stubs

.iplt           0x08002020        0x0
 .iplt          0x08002020        0x0 ./system/src/stm32f7-hal/stm32f7xx_hal.o

.rel.dyn        0x08002020        0x0
 .rel.iplt      0x08002020        0x0 ./system/src/stm32f7-hal/stm32f7xx_hal.o

.ARM.extab
 *(.ARM.extab* .gnu.linkonce.armextab.*)
                0x08002020                . = ALIGN (0x4)
                0x08002020                __exidx_start = .

.ARM.exidx
 *(.ARM.exidx* .gnu.linkonce.armexidx.*)
                0x08002020                __exidx_end = .
                0x08002020                . = ALIGN (0x4)
                0x08002020                _etext = .
                0x08002020                __etext = .

.data_CCMRAM    0x10000000        0x0 load address 0x08002020
 FILL mask 0xff
 *(.data.CCMRAM .data.CCMRAM.*)
                0x10000000                . = ALIGN (0x4)
                0x08002020                _sidata = LOADADDR (.data)

.data           0x20000000       0x78 load address 0x08002020
 FILL mask 0xff
                0x20000000                _sdata = .
                0x20000000                __data_start__ = .
 *(.data_begin .data_begin.*)
 .data_begin    0x20000000        0x4 ./system/src/newlib/_startup.o
 *(.data .data.*)
 .data.argv.4231
                0x20000004        0x8 ./system/src/newlib/_syscalls.o
 .data.SystemCoreClock
                0x2000000c        0x4 ./system/src/cmsis/system_stm32f7xx.o
                0x2000000c                SystemCoreClock
 .data.impure_data
                0x20000010       0x60 e:/programowanie/stm32_toolchain/5.2 2015q4/bin/../lib/gcc/arm-none-eabi/5.2.1/../../../../arm-none-eabi/lib/armv7e-m\libg_nano.a(lib_a-impure.o)
 .data._impure_ptr
                0x20000070        0x4 e:/programowanie/stm32_toolchain/5.2 2015q4/bin/../lib/gcc/arm-none-eabi/5.2.1/../../../../arm-none-eabi/lib/armv7e-m\libg_nano.a(lib_a-impure.o)
                0x20000070                _impure_ptr
 *(.data_end .data_end.*)
 .data_end      0x20000074        0x4 ./system/src/newlib/_startup.o
                0x20000078                . = ALIGN (0x4)
                0x20000078                _edata = .
                0x20000078                __data_end__ = .

.igot.plt       0x20000078        0x0 load address 0x08002098
 .igot.plt      0x20000078        0x0 ./system/src/stm32f7-hal/stm32f7xx_hal.o

.bss_CCMRAM     0x10000000        0x0
 *(.bss.CCMRAM .bss.CCMRAM.*)

.bss            0x20000078       0xa0
                0x20000078                __bss_start__ = .
                0x20000078                _sbss = .
 *(.bss_begin .bss_begin.*)
 .bss_begin     0x20000078        0x4 ./system/src/newlib/_startup.o
 *(.bss .bss.*)
 .bss.uwTick    0x2000007c        0x4 ./system/src/stm32f7-hal/stm32f7xx_hal.o
 .bss.current_heap_end.3942
                0x20000080        0x4 ./system/src/newlib/_sbrk.o
 .bss.name.4230
                0x20000084        0x1 ./system/src/newlib/_syscalls.o
 *fill*         0x20000085        0x3 
 .bss.buf.5078  0x20000088       0x80 ./system/src/diag/Trace.o
 .bss.__malloc_sbrk_start
                0x20000108        0x4 e:/programowanie/stm32_toolchain/5.2 2015q4/bin/../lib/gcc/arm-none-eabi/5.2.1/../../../../arm-none-eabi/lib/armv7e-m\libg_nano.a(lib_a-nano-mallocr.o)
                0x20000108                __malloc_sbrk_start
 .bss.__malloc_free_list
                0x2000010c        0x4 e:/programowanie/stm32_toolchain/5.2 2015q4/bin/../lib/gcc/arm-none-eabi/5.2.1/../../../../arm-none-eabi/lib/armv7e-m\libg_nano.a(lib_a-nano-mallocr.o)
                0x2000010c                __malloc_free_list
 *(COMMON)
 COMMON         0x20000110        0x4 ./system/src/newlib/_syscalls.o
                0x20000110                errno
 *(.bss_end .bss_end.*)
 .bss_end       0x20000114        0x4 ./system/src/newlib/_startup.o
                0x20000118                . = ALIGN (0x4)
                0x20000118                __bss_end__ = .
                0x20000118                _ebss = .

.noinit_CCMRAM
 *(.noinit.CCMRAM .noinit.CCMRAM.*)

.noinit         0x20000118        0x0
                0x20000118                _noinit = .
 *(.noinit .noinit.*)
                0x20000118                . = ALIGN (0x4)
                0x20000118                _end_noinit = .
                [!provide]                PROVIDE (end, _end_noinit)
                [!provide]                PROVIDE (_end, _end_noinit)
                [!provide]                PROVIDE (__end, _end_noinit)
                [!provide]                PROVIDE (__end__, _end_noinit)

._check_stack   0x20000118      0x100
                0x20000218                . = (. + _Minimum_Stack_Size)
 *fill*         0x20000118      0x100 

.b1text
 *(.b1text)
 *(.b1rodata)
 *(.b1rodata.*)

.eb0text
 *(.eb0text)
 *(.eb0rodata)
 *(.eb0rodata.*)

.eb1text
 *(.eb1text)
 *(.eb1rodata)
 *(.eb1rodata.*)

.eb2text
 *(.eb2text)
 *(.eb2rodata)
 *(.eb2rodata.*)

.eb3text
 *(.eb3text)
 *(.eb3rodata)
 *(.eb3rodata.*)

.stab
 *(.stab)

.stabstr
 *(.stabstr)

.stab.excl
 *(.stab.excl)

.stab.exclstr
 *(.stab.exclstr)

.stab.index
 *(.stab.index)

.stab.indexstr
 *(.stab.indexstr)

.comment        0x00000000       0x6e
 *(.comment)
 .comment       0x00000000       0x6e ./system/src/stm32f7-hal/stm32f7xx_hal.o
                                 0x6f (size before relaxing)
 .comment       0x0000006e       0x6f ./system/src/stm32f7-hal/stm32f7xx_hal_cortex.o
 .comment       0x0000006e       0x6f ./system/src/stm32f7-hal/stm32f7xx_hal_pwr_ex.o
 .comment       0x0000006e       0x6f ./system/src/stm32f7-hal/stm32f7xx_hal_rcc.o
 .comment       0x0000006e       0x6f ./system/src/newlib/_exit.o
 .comment       0x0000006e       0x6f ./system/src/newlib/_sbrk.o
 .comment       0x0000006e       0x6f ./system/src/newlib/_startup.o
 .comment       0x0000006e       0x6f ./system/src/newlib/_syscalls.o
 .comment       0x0000006e       0x6f ./system/src/newlib/assert.o
 .comment       0x0000006e       0x6f ./system/src/diag/Trace.o
 .comment       0x0000006e       0x6f ./system/src/diag/trace_impl.o
 .comment       0x0000006e       0x6f ./system/src/cortexm/_initialize_hardware.o
 .comment       0x0000006e       0x6f ./system/src/cortexm/exception_handlers.o
 .comment       0x0000006e       0x6f ./system/src/cmsis/system_stm32f7xx.o
 .comment       0x0000006e       0x6f ./system/src/cmsis/vectors_stm32f746xx.o
 .comment       0x0000006e       0x6f ./src/_initialize_hardware.o
 .comment       0x0000006e       0x6f ./src/main.o
 .comment       0x0000006e       0x6f ./src/stm32f7xx_hal_msp.o

.ARM.attributes
                0x00000000       0x31
 .ARM.attributes
                0x00000000       0x33 ./system/src/stm32f7-hal/stm32f7xx_hal.o
 .ARM.attributes
                0x00000033       0x33 ./system/src/stm32f7-hal/stm32f7xx_hal_cortex.o
 .ARM.attributes
                0x00000066       0x33 ./system/src/stm32f7-hal/stm32f7xx_hal_pwr_ex.o
 .ARM.attributes
                0x00000099       0x33 ./system/src/stm32f7-hal/stm32f7xx_hal_rcc.o
 .ARM.attributes
                0x000000cc       0x33 ./system/src/newlib/_exit.o
 .ARM.attributes
                0x000000ff       0x33 ./system/src/newlib/_sbrk.o
 .ARM.attributes
                0x00000132       0x33 ./system/src/newlib/_startup.o
 .ARM.attributes
                0x00000165       0x33 ./system/src/newlib/_syscalls.o
 .ARM.attributes
                0x00000198       0x33 ./system/src/newlib/assert.o
 .ARM.attributes
                0x000001cb       0x33 ./system/src/diag/Trace.o
 .ARM.attributes
                0x000001fe       0x33 ./system/src/diag/trace_impl.o
 .ARM.attributes
                0x00000231       0x33 ./system/src/cortexm/_initialize_hardware.o
 .ARM.attributes
                0x00000264       0x33 ./system/src/cortexm/exception_handlers.o
 .ARM.attributes
                0x00000297       0x33 ./system/src/cmsis/system_stm32f7xx.o
 .ARM.attributes
                0x000002ca       0x33 ./system/src/cmsis/vectors_stm32f746xx.o
 .ARM.attributes
                0x000002fd       0x33 ./src/_initialize_hardware.o
 .ARM.attributes
                0x00000330       0x33 ./src/main.o
 .ARM.attributes
                0x00000363       0x33 ./src/stm32f7xx_hal_msp.o
 .ARM.attributes
                0x00000396       0x2e e:/programowanie/stm32_toolchain/5.2 2015q4/bin/../lib/gcc/arm-none-eabi/5.2.1/../../../../arm-none-eabi/lib/armv7e-m\libg_nano.a(lib_a-errno.o)
 .ARM.attributes
                0x000003c4       0x2e e:/programowanie/stm32_toolchain/5.2 2015q4/bin/../lib/gcc/arm-none-eabi/5.2.1/../../../../arm-none-eabi/lib/armv7e-m\libg_nano.a(lib_a-impure.o)
 .ARM.attributes
                0x000003f2       0x17 e:/programowanie/stm32_toolchain/5.2 2015q4/bin/../lib/gcc/arm-none-eabi/5.2.1/../../../../arm-none-eabi/lib/armv7e-m\libg_nano.a(lib_a-strlen.o)
 .ARM.attributes
                0x00000409       0x2e e:/programowanie/stm32_toolchain/5.2 2015q4/bin/../lib/gcc/arm-none-eabi/5.2.1/../../../../arm-none-eabi/lib/armv7e-m\libg_nano.a(lib_a-vsnprintf.o)
 .ARM.attributes
                0x00000437       0x2e e:/programowanie/stm32_toolchain/5.2 2015q4/bin/../lib/gcc/arm-none-eabi/5.2.1/../../../../arm-none-eabi/lib/armv7e-m\libg_nano.a(lib_a-nano-svfprintf.o)
 .ARM.attributes
                0x00000465       0x2e e:/programowanie/stm32_toolchain/5.2 2015q4/bin/../lib/gcc/arm-none-eabi/5.2.1/../../../../arm-none-eabi/lib/armv7e-m\libg_nano.a(lib_a-nano-vfprintf_i.o)
 .ARM.attributes
                0x00000493       0x1c e:/programowanie/stm32_toolchain/5.2 2015q4/bin/../lib/gcc/arm-none-eabi/5.2.1/../../../../arm-none-eabi/lib/armv7e-m\libg_nano.a(lib_a-memchr.o)
 .ARM.attributes
                0x000004af       0x2e e:/programowanie/stm32_toolchain/5.2 2015q4/bin/../lib/gcc/arm-none-eabi/5.2.1/../../../../arm-none-eabi/lib/armv7e-m\libg_nano.a(lib_a-memcpy-stub.o)
 .ARM.attributes
                0x000004dd       0x2e e:/programowanie/stm32_toolchain/5.2 2015q4/bin/../lib/gcc/arm-none-eabi/5.2.1/../../../../arm-none-eabi/lib/armv7e-m\libg_nano.a(lib_a-memmove.o)
 .ARM.attributes
                0x0000050b       0x2e e:/programowanie/stm32_toolchain/5.2 2015q4/bin/../lib/gcc/arm-none-eabi/5.2.1/../../../../arm-none-eabi/lib/armv7e-m\libg_nano.a(lib_a-nano-freer.o)
 .ARM.attributes
                0x00000539       0x2e e:/programowanie/stm32_toolchain/5.2 2015q4/bin/../lib/gcc/arm-none-eabi/5.2.1/../../../../arm-none-eabi/lib/armv7e-m\libg_nano.a(lib_a-nano-mallocr.o)
 .ARM.attributes
                0x00000567       0x2e e:/programowanie/stm32_toolchain/5.2 2015q4/bin/../lib/gcc/arm-none-eabi/5.2.1/../../../../arm-none-eabi/lib/armv7e-m\libg_nano.a(lib_a-nano-reallocr.o)
 .ARM.attributes
                0x00000595       0x2e e:/programowanie/stm32_toolchain/5.2 2015q4/bin/../lib/gcc/arm-none-eabi/5.2.1/../../../../arm-none-eabi/lib/armv7e-m\libg_nano.a(lib_a-sbrkr.o)
 .ARM.attributes
                0x000005c3       0x2e e:/programowanie/stm32_toolchain/5.2 2015q4/bin/../lib/gcc/arm-none-eabi/5.2.1/../../../../arm-none-eabi/lib/armv7e-m\libg_nano.a(lib_a-nano-msizer.o)

.debug
 *(.debug)

.line
 *(.line)

.debug_srcinfo
 *(.debug_srcinfo)

.debug_sfnames
 *(.debug_sfnames)

.debug_aranges  0x00000000      0x538
 *(.debug_aranges)
 .debug_aranges
                0x00000000       0xd0 ./system/src/stm32f7-hal/stm32f7xx_hal.o
 .debug_aranges
                0x000000d0       0x98 ./system/src/stm32f7-hal/stm32f7xx_hal_cortex.o
 .debug_aranges
                0x00000168       0x80 ./system/src/stm32f7-hal/stm32f7xx_hal_pwr_ex.o
 .debug_aranges
                0x000001e8       0x88 ./system/src/stm32f7-hal/stm32f7xx_hal_rcc.o
 .debug_aranges
                0x00000270       0x28 ./system/src/newlib/_exit.o
 .debug_aranges
                0x00000298       0x20 ./system/src/newlib/_sbrk.o
 .debug_aranges
                0x000002b8       0x40 ./system/src/newlib/_startup.o
 .debug_aranges
                0x000002f8       0x30 ./system/src/newlib/_syscalls.o
 .debug_aranges
                0x00000328       0x28 ./system/src/newlib/assert.o
 .debug_aranges
                0x00000350       0x38 ./system/src/diag/Trace.o
 .debug_aranges
                0x00000388       0x30 ./system/src/diag/trace_impl.o
 .debug_aranges
                0x000003b8       0x28 ./system/src/cortexm/_initialize_hardware.o
 .debug_aranges
                0x000003e0       0x90 ./system/src/cortexm/exception_handlers.o
 .debug_aranges
                0x00000470       0x28 ./system/src/cmsis/system_stm32f7xx.o
 .debug_aranges
                0x00000498       0x20 ./system/src/cmsis/vectors_stm32f746xx.o
 .debug_aranges
                0x000004b8       0x28 ./src/_initialize_hardware.o
 .debug_aranges
                0x000004e0       0x20 ./src/main.o
 .debug_aranges
                0x00000500       0x38 ./src/stm32f7xx_hal_msp.o

.debug_pubnames
 *(.debug_pubnames)

.debug_info     0x00000000     0x6913
 *(.debug_info .gnu.linkonce.wi.*)
 .debug_info    0x00000000      0x96d ./system/src/stm32f7-hal/stm32f7xx_hal.o
 .debug_info    0x0000096d     0x1331 ./system/src/stm32f7-hal/stm32f7xx_hal_cortex.o
 .debug_info    0x00001c9e      0xa2f ./system/src/stm32f7-hal/stm32f7xx_hal_pwr_ex.o
 .debug_info    0x000026cd      0xfe3 ./system/src/stm32f7-hal/stm32f7xx_hal_rcc.o
 .debug_info    0x000036b0       0xef ./system/src/newlib/_exit.o
 .debug_info    0x0000379f      0x11f ./system/src/newlib/_sbrk.o
 .debug_info    0x000038be      0x4ef ./system/src/newlib/_startup.o
 .debug_info    0x00003dad      0x1bc ./system/src/newlib/_syscalls.o
 .debug_info    0x00003f69      0x1a3 ./system/src/newlib/assert.o
 .debug_info    0x0000410c      0x2e7 ./system/src/diag/Trace.o
 .debug_info    0x000043f3      0x30a ./system/src/diag/trace_impl.o
 .debug_info    0x000046fd      0x487 ./system/src/cortexm/_initialize_hardware.o
 .debug_info    0x00004b84      0xabc ./system/src/cortexm/exception_handlers.o
 .debug_info    0x00005640      0x69e ./system/src/cmsis/system_stm32f7xx.o
 .debug_info    0x00005cde       0xd1 ./system/src/cmsis/vectors_stm32f746xx.o
 .debug_info    0x00005daf      0x9ba ./src/_initialize_hardware.o
 .debug_info    0x00006769       0xc5 ./src/main.o
 .debug_info    0x0000682e       0xe5 ./src/stm32f7xx_hal_msp.o

.debug_abbrev   0x00000000     0x192b
 *(.debug_abbrev)
 .debug_abbrev  0x00000000      0x1d1 ./system/src/stm32f7-hal/stm32f7xx_hal.o
 .debug_abbrev  0x000001d1      0x335 ./system/src/stm32f7-hal/stm32f7xx_hal_cortex.o
 .debug_abbrev  0x00000506      0x1f5 ./system/src/stm32f7-hal/stm32f7xx_hal_pwr_ex.o
 .debug_abbrev  0x000006fb      0x2b8 ./system/src/stm32f7-hal/stm32f7xx_hal_rcc.o
 .debug_abbrev  0x000009b3       0x8e ./system/src/newlib/_exit.o
 .debug_abbrev  0x00000a41       0xb9 ./system/src/newlib/_sbrk.o
 .debug_abbrev  0x00000afa      0x1d4 ./system/src/newlib/_startup.o
 .debug_abbrev  0x00000cce       0xec ./system/src/newlib/_syscalls.o
 .debug_abbrev  0x00000dba       0xab ./system/src/newlib/assert.o
 .debug_abbrev  0x00000e65      0x156 ./system/src/diag/Trace.o
 .debug_abbrev  0x00000fbb      0x1c8 ./system/src/diag/trace_impl.o
 .debug_abbrev  0x00001183       0xf9 ./system/src/cortexm/_initialize_hardware.o
 .debug_abbrev  0x0000127c      0x256 ./system/src/cortexm/exception_handlers.o
 .debug_abbrev  0x000014d2      0x120 ./system/src/cmsis/system_stm32f7xx.o
 .debug_abbrev  0x000015f2       0x9d ./system/src/cmsis/vectors_stm32f746xx.o
 .debug_abbrev  0x0000168f      0x1ce ./src/_initialize_hardware.o
 .debug_abbrev  0x0000185d       0x64 ./src/main.o
 .debug_abbrev  0x000018c1       0x6a ./src/stm32f7xx_hal_msp.o

.debug_line     0x00000000     0x8569
 *(.debug_line)
 .debug_line    0x00000000      0xb6b ./system/src/stm32f7-hal/stm32f7xx_hal.o
 .debug_line    0x00000b6b      0xc37 ./system/src/stm32f7-hal/stm32f7xx_hal_cortex.o
 .debug_line    0x000017a2      0xb49 ./system/src/stm32f7-hal/stm32f7xx_hal_pwr_ex.o
 .debug_line    0x000022eb      0xe5e ./system/src/stm32f7-hal/stm32f7xx_hal_rcc.o
 .debug_line    0x00003149      0x2da ./system/src/newlib/_exit.o
 .debug_line    0x00003423      0x28c ./system/src/newlib/_sbrk.o
 .debug_line    0x000036af      0x354 ./system/src/newlib/_startup.o
 .debug_line    0x00003a03      0x382 ./system/src/newlib/_syscalls.o
 .debug_line    0x00003d85      0x315 ./system/src/newlib/assert.o
 .debug_line    0x0000409a      0x339 ./system/src/diag/Trace.o
 .debug_line    0x000043d3      0xa86 ./system/src/diag/trace_impl.o
 .debug_line    0x00004e59      0x9ef ./system/src/cortexm/_initialize_hardware.o
 .debug_line    0x00005848      0xb18 ./system/src/cortexm/exception_handlers.o
 .debug_line    0x00006360      0x9ef ./system/src/cmsis/system_stm32f7xx.o
 .debug_line    0x00006d4f       0xf8 ./system/src/cmsis/vectors_stm32f746xx.o
 .debug_line    0x00006e47      0xa4b ./src/_initialize_hardware.o
 .debug_line    0x00007892      0x2db ./src/main.o
 .debug_line    0x00007b6d      0x9fc ./src/stm32f7xx_hal_msp.o

.debug_frame    0x00000000      0xd38
 *(.debug_frame)
 .debug_frame   0x00000000      0x1a8 ./system/src/stm32f7-hal/stm32f7xx_hal.o
 .debug_frame   0x000001a8      0x17c ./system/src/stm32f7-hal/stm32f7xx_hal_cortex.o
 .debug_frame   0x00000324      0x134 ./system/src/stm32f7-hal/stm32f7xx_hal_pwr_ex.o
 .debug_frame   0x00000458      0x158 ./system/src/stm32f7-hal/stm32f7xx_hal_rcc.o
 .debug_frame   0x000005b0       0x38 ./system/src/newlib/_exit.o
 .debug_frame   0x000005e8       0x28 ./system/src/newlib/_sbrk.o
 .debug_frame   0x00000610       0x7c ./system/src/newlib/_startup.o
 .debug_frame   0x0000068c       0x50 ./system/src/newlib/_syscalls.o
 .debug_frame   0x000006dc       0x40 ./system/src/newlib/assert.o
 .debug_frame   0x0000071c       0x94 ./system/src/diag/Trace.o
 .debug_frame   0x000007b0       0x60 ./system/src/diag/trace_impl.o
 .debug_frame   0x00000810       0x40 ./system/src/cortexm/_initialize_hardware.o
 .debug_frame   0x00000850      0x158 ./system/src/cortexm/exception_handlers.o
 .debug_frame   0x000009a8       0x30 ./system/src/cmsis/system_stm32f7xx.o
 .debug_frame   0x000009d8       0x20 ./system/src/cmsis/vectors_stm32f746xx.o
 .debug_frame   0x000009f8       0x48 ./src/_initialize_hardware.o
 .debug_frame   0x00000a40       0x20 ./src/main.o
 .debug_frame   0x00000a60       0x50 ./src/stm32f7xx_hal_msp.o
 .debug_frame   0x00000ab0       0x20 e:/programowanie/stm32_toolchain/5.2 2015q4/bin/../lib/gcc/arm-none-eabi/5.2.1/../../../../arm-none-eabi/lib/armv7e-m\libg_nano.a(lib_a-errno.o)
 .debug_frame   0x00000ad0       0x48 e:/programowanie/stm32_toolchain/5.2 2015q4/bin/../lib/gcc/arm-none-eabi/5.2.1/../../../../arm-none-eabi/lib/armv7e-m\libg_nano.a(lib_a-vsnprintf.o)
 .debug_frame   0x00000b18       0x90 e:/programowanie/stm32_toolchain/5.2 2015q4/bin/../lib/gcc/arm-none-eabi/5.2.1/../../../../arm-none-eabi/lib/armv7e-m\libg_nano.a(lib_a-nano-svfprintf.o)
 .debug_frame   0x00000ba8       0x60 e:/programowanie/stm32_toolchain/5.2 2015q4/bin/../lib/gcc/arm-none-eabi/5.2.1/../../../../arm-none-eabi/lib/armv7e-m\libg_nano.a(lib_a-nano-vfprintf_i.o)
 .debug_frame   0x00000c08       0x28 e:/programowanie/stm32_toolchain/5.2 2015q4/bin/../lib/gcc/arm-none-eabi/5.2.1/../../../../arm-none-eabi/lib/armv7e-m\libg_nano.a(lib_a-memcpy-stub.o)
 .debug_frame   0x00000c30       0x28 e:/programowanie/stm32_toolchain/5.2 2015q4/bin/../lib/gcc/arm-none-eabi/5.2.1/../../../../arm-none-eabi/lib/armv7e-m\libg_nano.a(lib_a-memmove.o)
 .debug_frame   0x00000c58       0x2c e:/programowanie/stm32_toolchain/5.2 2015q4/bin/../lib/gcc/arm-none-eabi/5.2.1/../../../../arm-none-eabi/lib/armv7e-m\libg_nano.a(lib_a-nano-freer.o)
 .debug_frame   0x00000c84       0x2c e:/programowanie/stm32_toolchain/5.2 2015q4/bin/../lib/gcc/arm-none-eabi/5.2.1/../../../../arm-none-eabi/lib/armv7e-m\libg_nano.a(lib_a-nano-mallocr.o)
 .debug_frame   0x00000cb0       0x3c e:/programowanie/stm32_toolchain/5.2 2015q4/bin/../lib/gcc/arm-none-eabi/5.2.1/../../../../arm-none-eabi/lib/armv7e-m\libg_nano.a(lib_a-nano-reallocr.o)
 .debug_frame   0x00000cec       0x2c e:/programowanie/stm32_toolchain/5.2 2015q4/bin/../lib/gcc/arm-none-eabi/5.2.1/../../../../arm-none-eabi/lib/armv7e-m\libg_nano.a(lib_a-sbrkr.o)
 .debug_frame   0x00000d18       0x20 e:/programowanie/stm32_toolchain/5.2 2015q4/bin/../lib/gcc/arm-none-eabi/5.2.1/../../../../arm-none-eabi/lib/armv7e-m\libg_nano.a(lib_a-nano-msizer.o)

.debug_str      0x00000000    0xc8836
 *(.debug_str)
 .debug_str     0x00000000    0xc4e9f ./system/src/stm32f7-hal/stm32f7xx_hal.o
                              0xc52c3 (size before relaxing)
 .debug_str     0x000c4e9f      0x481 ./system/src/stm32f7-hal/stm32f7xx_hal_cortex.o
                              0xc5336 (size before relaxing)
 .debug_str     0x000c5320      0x1f0 ./system/src/stm32f7-hal/stm32f7xx_hal_pwr_ex.o
                              0xc4cab (size before relaxing)
 .debug_str     0x000c5510      0x3cc ./system/src/stm32f7-hal/stm32f7xx_hal_rcc.o
                              0xc4d47 (size before relaxing)
 .debug_str     0x000c58dc     0x1090 ./system/src/newlib/_exit.o
                               0x6a06 (size before relaxing)
 .debug_str     0x000c696c      0x4de ./system/src/newlib/_sbrk.o
                               0x5e17 (size before relaxing)
 .debug_str     0x000c6e4a      0x2cc ./system/src/newlib/_startup.o
                               0x5a18 (size before relaxing)
 .debug_str     0x000c7116      0xe06 ./system/src/newlib/_syscalls.o
                               0x6c5f (size before relaxing)
 .debug_str     0x000c7f1c       0xd5 ./system/src/newlib/assert.o
                               0x750f (size before relaxing)
 .debug_str     0x000c7ff1      0x17b ./system/src/diag/Trace.o
                               0x7316 (size before relaxing)
 .debug_str     0x000c816c      0x37b ./system/src/diag/trace_impl.o
                              0xc49e6 (size before relaxing)
 .debug_str     0x000c84e7       0x5e ./system/src/cortexm/_initialize_hardware.o
                              0xc38e9 (size before relaxing)
 .debug_str     0x000c8545      0x19d ./system/src/cortexm/exception_handlers.o
                              0xc4c5e (size before relaxing)
 .debug_str     0x000c86e2       0x46 ./system/src/cmsis/system_stm32f7xx.o
                              0xc39c7 (size before relaxing)
 .debug_str     0x000c8728       0x59 ./system/src/cmsis/vectors_stm32f746xx.o
                               0x309f (size before relaxing)
 .debug_str     0x000c8781       0x6a ./src/_initialize_hardware.o
                              0xc4bee (size before relaxing)
 .debug_str     0x000c87eb        0xe ./src/main.o
                               0x7222 (size before relaxing)
 .debug_str     0x000c87f9       0x3d ./src/stm32f7xx_hal_msp.o
                              0xc47a0 (size before relaxing)

.debug_loc      0x00000000     0x1abc
 *(.debug_loc)
 .debug_loc     0x00000000       0x6a ./system/src/stm32f7-hal/stm32f7xx_hal.o
 .debug_loc     0x0000006a      0x580 ./system/src/stm32f7-hal/stm32f7xx_hal_cortex.o
 .debug_loc     0x000005ea      0x257 ./system/src/stm32f7-hal/stm32f7xx_hal_pwr_ex.o
 .debug_loc     0x00000841      0x61e ./system/src/stm32f7-hal/stm32f7xx_hal_rcc.o
 .debug_loc     0x00000e5f       0x82 ./system/src/newlib/_sbrk.o
 .debug_loc     0x00000ee1      0x36e ./system/src/newlib/_startup.o
 .debug_loc     0x0000124f       0x63 ./system/src/newlib/_syscalls.o
 .debug_loc     0x000012b2      0x110 ./system/src/newlib/assert.o
 .debug_loc     0x000013c2      0x102 ./system/src/diag/Trace.o
 .debug_loc     0x000014c4      0x17c ./system/src/diag/trace_impl.o
 .debug_loc     0x00001640      0x2a8 ./system/src/cortexm/exception_handlers.o
 .debug_loc     0x000018e8      0x132 ./system/src/cmsis/system_stm32f7xx.o
 .debug_loc     0x00001a1a       0xa2 ./src/_initialize_hardware.o

.debug_macinfo
 *(.debug_macinfo)

.debug_weaknames
 *(.debug_weaknames)

.debug_funcnames
 *(.debug_funcnames)

.debug_typenames
 *(.debug_typenames)

.debug_varnames
 *(.debug_varnames)
OUTPUT(stm32_f7.elf elf32-littlearm)

.debug_ranges   0x00000000      0x448
 .debug_ranges  0x00000000       0xc0 ./system/src/stm32f7-hal/stm32f7xx_hal.o
 .debug_ranges  0x000000c0       0x88 ./system/src/stm32f7-hal/stm32f7xx_hal_cortex.o
 .debug_ranges  0x00000148       0x70 ./system/src/stm32f7-hal/stm32f7xx_hal_pwr_ex.o
 .debug_ranges  0x000001b8       0x78 ./system/src/stm32f7-hal/stm32f7xx_hal_rcc.o
 .debug_ranges  0x00000230       0x18 ./system/src/newlib/_exit.o
 .debug_ranges  0x00000248       0x10 ./system/src/newlib/_sbrk.o
 .debug_ranges  0x00000258       0x30 ./system/src/newlib/_startup.o
 .debug_ranges  0x00000288       0x20 ./system/src/newlib/_syscalls.o
 .debug_ranges  0x000002a8       0x18 ./system/src/newlib/assert.o
 .debug_ranges  0x000002c0       0x28 ./system/src/diag/Trace.o
 .debug_ranges  0x000002e8       0x38 ./system/src/diag/trace_impl.o
 .debug_ranges  0x00000320       0x18 ./system/src/cortexm/_initialize_hardware.o
 .debug_ranges  0x00000338       0x98 ./system/src/cortexm/exception_handlers.o
 .debug_ranges  0x000003d0       0x18 ./system/src/cmsis/system_stm32f7xx.o
 .debug_ranges  0x000003e8       0x10 ./system/src/cmsis/vectors_stm32f746xx.o
 .debug_ranges  0x000003f8       0x18 ./src/_initialize_hardware.o
 .debug_ranges  0x00000410       0x10 ./src/main.o
 .debug_ranges  0x00000420       0x28 ./src/stm32f7xx_hal_msp.o

.debug_macro    0x00000000    0x1e48e
 .debug_macro   0x00000000      0x4f5 ./system/src/stm32f7-hal/stm32f7xx_hal.o
 .debug_macro   0x000004f5      0x898 ./system/src/stm32f7-hal/stm32f7xx_hal.o
 .debug_macro   0x00000d8d      0x25c ./system/src/stm32f7-hal/stm32f7xx_hal.o
 .debug_macro   0x00000fe9       0x2e ./system/src/stm32f7-hal/stm32f7xx_hal.o
 .debug_macro   0x00001017       0x3b ./system/src/stm32f7-hal/stm32f7xx_hal.o
 .debug_macro   0x00001052      0x34e ./system/src/stm32f7-hal/stm32f7xx_hal.o
 .debug_macro   0x000013a0       0x35 ./system/src/stm32f7-hal/stm32f7xx_hal.o
 .debug_macro   0x000013d5       0x50 ./system/src/stm32f7-hal/stm32f7xx_hal.o
 .debug_macro   0x00001425     0x1114 ./system/src/stm32f7-hal/stm32f7xx_hal.o
 .debug_macro   0x00002539     0xa6d7 ./system/src/stm32f7-hal/stm32f7xx_hal.o
 .debug_macro   0x0000cc10       0x43 ./system/src/stm32f7-hal/stm32f7xx_hal.o
 .debug_macro   0x0000cc53     0x2c17 ./system/src/stm32f7-hal/stm32f7xx_hal.o
 .debug_macro   0x0000f86a       0x58 ./system/src/stm32f7-hal/stm32f7xx_hal.o
 .debug_macro   0x0000f8c2       0x22 ./system/src/stm32f7-hal/stm32f7xx_hal.o
 .debug_macro   0x0000f8e4       0x35 ./system/src/stm32f7-hal/stm32f7xx_hal.o
 .debug_macro   0x0000f919       0x9c ./system/src/stm32f7-hal/stm32f7xx_hal.o
 .debug_macro   0x0000f9b5       0x16 ./system/src/stm32f7-hal/stm32f7xx_hal.o
 .debug_macro   0x0000f9cb       0x4a ./system/src/stm32f7-hal/stm32f7xx_hal.o
 .debug_macro   0x0000fa15       0x97 ./system/src/stm32f7-hal/stm32f7xx_hal.o
 .debug_macro   0x0000faac      0x329 ./system/src/stm32f7-hal/stm32f7xx_hal.o
 .debug_macro   0x0000fdd5       0xfd ./system/src/stm32f7-hal/stm32f7xx_hal.o
 .debug_macro   0x0000fed2       0x10 ./system/src/stm32f7-hal/stm32f7xx_hal.o
 .debug_macro   0x0000fee2       0x52 ./system/src/stm32f7-hal/stm32f7xx_hal.o
 .debug_macro   0x0000ff34       0x16 ./system/src/stm32f7-hal/stm32f7xx_hal.o
 .debug_macro   0x0000ff4a       0x43 ./system/src/stm32f7-hal/stm32f7xx_hal.o
 .debug_macro   0x0000ff8d      0x187 ./system/src/stm32f7-hal/stm32f7xx_hal.o
 .debug_macro   0x00010114       0x10 ./system/src/stm32f7-hal/stm32f7xx_hal.o
 .debug_macro   0x00010124       0x22 ./system/src/stm32f7-hal/stm32f7xx_hal.o
 .debug_macro   0x00010146       0x22 ./system/src/stm32f7-hal/stm32f7xx_hal.o
 .debug_macro   0x00010168       0x3a ./system/src/stm32f7-hal/stm32f7xx_hal.o
 .debug_macro   0x000101a2       0x10 ./system/src/stm32f7-hal/stm32f7xx_hal.o
 .debug_macro   0x000101b2       0x40 ./system/src/stm32f7-hal/stm32f7xx_hal.o
 .debug_macro   0x000101f2       0x65 ./system/src/stm32f7-hal/stm32f7xx_hal.o
 .debug_macro   0x00010257       0x16 ./system/src/stm32f7-hal/stm32f7xx_hal.o
 .debug_macro   0x0001026d      0x197 ./system/src/stm32f7-hal/stm32f7xx_hal.o
 .debug_macro   0x00010404       0x57 ./system/src/stm32f7-hal/stm32f7xx_hal.o
 .debug_macro   0x0001045b      0x5bb ./system/src/stm32f7-hal/stm32f7xx_hal.o
 .debug_macro   0x00010a16     0x188a ./system/src/stm32f7-hal/stm32f7xx_hal.o
 .debug_macro   0x000122a0       0xdd ./system/src/stm32f7-hal/stm32f7xx_hal.o
 .debug_macro   0x0001237d      0x11e ./system/src/stm32f7-hal/stm32f7xx_hal.o
 .debug_macro   0x0001249b      0x1f4 ./system/src/stm32f7-hal/stm32f7xx_hal.o
 .debug_macro   0x0001268f       0x27 ./system/src/stm32f7-hal/stm32f7xx_hal.o
 .debug_macro   0x000126b6      0x272 ./system/src/stm32f7-hal/stm32f7xx_hal.o
 .debug_macro   0x00012928       0x5f ./system/src/stm32f7-hal/stm32f7xx_hal.o
 .debug_macro   0x00012987      0x241 ./system/src/stm32f7-hal/stm32f7xx_hal.o
 .debug_macro   0x00012bc8      0x313 ./system/src/stm32f7-hal/stm32f7xx_hal.o
 .debug_macro   0x00012edb      0x14d ./system/src/stm32f7-hal/stm32f7xx_hal.o
 .debug_macro   0x00013028       0xd6 ./system/src/stm32f7-hal/stm32f7xx_hal.o
 .debug_macro   0x000130fe      0x360 ./system/src/stm32f7-hal/stm32f7xx_hal.o
 .debug_macro   0x0001345e      0x272 ./system/src/stm32f7-hal/stm32f7xx_hal.o
 .debug_macro   0x000136d0       0xab ./system/src/stm32f7-hal/stm32f7xx_hal.o
 .debug_macro   0x0001377b       0x4c ./system/src/stm32f7-hal/stm32f7xx_hal.o
 .debug_macro   0x000137c7       0x2e ./system/src/stm32f7-hal/stm32f7xx_hal.o
 .debug_macro   0x000137f5      0x1f3 ./system/src/stm32f7-hal/stm32f7xx_hal.o
 .debug_macro   0x000139e8       0xe6 ./system/src/stm32f7-hal/stm32f7xx_hal.o
 .debug_macro   0x00013ace       0xa1 ./system/src/stm32f7-hal/stm32f7xx_hal.o
 .debug_macro   0x00013b6f       0x3c ./system/src/stm32f7-hal/stm32f7xx_hal.o
 .debug_macro   0x00013bab       0x6c ./system/src/stm32f7-hal/stm32f7xx_hal.o
 .debug_macro   0x00013c17      0x1aa ./system/src/stm32f7-hal/stm32f7xx_hal.o
 .debug_macro   0x00013dc1      0xda1 ./system/src/stm32f7-hal/stm32f7xx_hal.o
 .debug_macro   0x00014b62      0x111 ./system/src/stm32f7-hal/stm32f7xx_hal.o
 .debug_macro   0x00014c73      0x293 ./system/src/stm32f7-hal/stm32f7xx_hal.o
 .debug_macro   0x00014f06      0x50f ./system/src/stm32f7-hal/stm32f7xx_hal.o
 .debug_macro   0x00015415       0x88 ./system/src/stm32f7-hal/stm32f7xx_hal.o
 .debug_macro   0x0001549d       0xce ./system/src/stm32f7-hal/stm32f7xx_hal.o
 .debug_macro   0x0001556b       0x10 ./system/src/stm32f7-hal/stm32f7xx_hal.o
 .debug_macro   0x0001557b      0x1d0 ./system/src/stm32f7-hal/stm32f7xx_hal.o
 .debug_macro   0x0001574b       0x22 ./system/src/stm32f7-hal/stm32f7xx_hal.o
 .debug_macro   0x0001576d       0x66 ./system/src/stm32f7-hal/stm32f7xx_hal.o
 .debug_macro   0x000157d3      0x1b5 ./system/src/stm32f7-hal/stm32f7xx_hal.o
 .debug_macro   0x00015988       0xab ./system/src/stm32f7-hal/stm32f7xx_hal.o
 .debug_macro   0x00015a33      0x22c ./system/src/stm32f7-hal/stm32f7xx_hal.o
 .debug_macro   0x00015c5f      0x240 ./system/src/stm32f7-hal/stm32f7xx_hal.o
 .debug_macro   0x00015e9f      0x133 ./system/src/stm32f7-hal/stm32f7xx_hal.o
 .debug_macro   0x00015fd2      0x10c ./system/src/stm32f7-hal/stm32f7xx_hal.o
 .debug_macro   0x000160de       0x3c ./system/src/stm32f7-hal/stm32f7xx_hal.o
 .debug_macro   0x0001611a      0x2db ./system/src/stm32f7-hal/stm32f7xx_hal.o
 .debug_macro   0x000163f5       0x7b ./system/src/stm32f7-hal/stm32f7xx_hal.o
 .debug_macro   0x00016470      0x313 ./system/src/stm32f7-hal/stm32f7xx_hal.o
 .debug_macro   0x00016783      0x4dc ./system/src/stm32f7-hal/stm32f7xx_hal.o
 .debug_macro   0x00016c5f       0xd6 ./system/src/stm32f7-hal/stm32f7xx_hal.o
 .debug_macro   0x00016d35      0x398 ./system/src/stm32f7-hal/stm32f7xx_hal.o
 .debug_macro   0x000170cd       0xd6 ./system/src/stm32f7-hal/stm32f7xx_hal.o
 .debug_macro   0x000171a3      0x398 ./system/src/stm32f7-hal/stm32f7xx_hal.o
 .debug_macro   0x0001753b      0x22b ./system/src/stm32f7-hal/stm32f7xx_hal.o
 .debug_macro   0x00017766      0x1ed ./system/src/stm32f7-hal/stm32f7xx_hal.o
 .debug_macro   0x00017953      0x2e2 ./system/src/stm32f7-hal/stm32f7xx_hal.o
 .debug_macro   0x00017c35      0x677 ./system/src/stm32f7-hal/stm32f7xx_hal.o
 .debug_macro   0x000182ac      0x24f ./system/src/stm32f7-hal/stm32f7xx_hal.o
 .debug_macro   0x000184fb      0x138 ./system/src/stm32f7-hal/stm32f7xx_hal.o
 .debug_macro   0x00018633      0x4e8 ./system/src/stm32f7-hal/stm32f7xx_hal.o
 .debug_macro   0x00018b1b       0x47 ./system/src/stm32f7-hal/stm32f7xx_hal.o
 .debug_macro   0x00018b62      0x1df ./system/src/stm32f7-hal/stm32f7xx_hal.o
 .debug_macro   0x00018d41       0x29 ./system/src/stm32f7-hal/stm32f7xx_hal.o
 .debug_macro   0x00018d6a       0x58 ./system/src/stm32f7-hal/stm32f7xx_hal.o
 .debug_macro   0x00018dc2      0x1c3 ./system/src/stm32f7-hal/stm32f7xx_hal.o
 .debug_macro   0x00018f85       0x30 ./system/src/stm32f7-hal/stm32f7xx_hal.o
 .debug_macro   0x00018fb5       0x58 ./system/src/stm32f7-hal/stm32f7xx_hal.o
 .debug_macro   0x0001900d      0x2cd ./system/src/stm32f7-hal/stm32f7xx_hal.o
 .debug_macro   0x000192da       0x10 ./system/src/stm32f7-hal/stm32f7xx_hal.o
 .debug_macro   0x000192ea       0xa5 ./system/src/stm32f7-hal/stm32f7xx_hal.o
 .debug_macro   0x0001938f       0x8d ./system/src/stm32f7-hal/stm32f7xx_hal.o
 .debug_macro   0x0001941c      0x1df ./system/src/stm32f7-hal/stm32f7xx_hal.o
 .debug_macro   0x000195fb      0x119 ./system/src/stm32f7-hal/stm32f7xx_hal.o
 .debug_macro   0x00019714       0x75 ./system/src/stm32f7-hal/stm32f7xx_hal.o
 .debug_macro   0x00019789      0x130 ./system/src/stm32f7-hal/stm32f7xx_hal.o
 .debug_macro   0x000198b9      0x4d1 ./system/src/stm32f7-hal/stm32f7xx_hal_cortex.o
 .debug_macro   0x00019d8a      0x4e9 ./system/src/stm32f7-hal/stm32f7xx_hal_pwr_ex.o
 .debug_macro   0x0001a273      0x4f5 ./system/src/stm32f7-hal/stm32f7xx_hal_rcc.o
 .debug_macro   0x0001a768      0x172 ./system/src/newlib/_exit.o
 .debug_macro   0x0001a8da      0x10e ./system/src/newlib/_exit.o
 .debug_macro   0x0001a9e8       0x8d ./system/src/newlib/_exit.o
 .debug_macro   0x0001aa75       0x35 ./system/src/newlib/_exit.o
 .debug_macro   0x0001aaaa      0x12e ./system/src/newlib/_sbrk.o
 .debug_macro   0x0001abd8      0x174 ./system/src/newlib/_sbrk.o
 .debug_macro   0x0001ad4c       0x10 ./system/src/newlib/_sbrk.o
 .debug_macro   0x0001ad5c      0x23b ./system/src/newlib/_sbrk.o
 .debug_macro   0x0001af97      0x138 ./system/src/newlib/_startup.o
 .debug_macro   0x0001b0cf      0x89e ./system/src/newlib/_startup.o
 .debug_macro   0x0001b96d      0x1c6 ./system/src/newlib/_syscalls.o
 .debug_macro   0x0001bb33       0x1c ./system/src/newlib/_syscalls.o
 .debug_macro   0x0001bb4f       0x10 ./system/src/newlib/_syscalls.o
 .debug_macro   0x0001bb5f       0x10 ./system/src/newlib/_syscalls.o
 .debug_macro   0x0001bb6f       0x10 ./system/src/newlib/_syscalls.o
 .debug_macro   0x0001bb7f       0x35 ./system/src/newlib/_syscalls.o
 .debug_macro   0x0001bbb4      0x122 ./system/src/newlib/_syscalls.o
 .debug_macro   0x0001bcd6       0x88 ./system/src/newlib/_syscalls.o
 .debug_macro   0x0001bd5e       0x2b ./system/src/newlib/_syscalls.o
 .debug_macro   0x0001bd89      0x118 ./system/src/newlib/_syscalls.o
 .debug_macro   0x0001bea1      0x159 ./system/src/newlib/_syscalls.o
 .debug_macro   0x0001bffa       0x16 ./system/src/newlib/_syscalls.o
 .debug_macro   0x0001c010      0x18e ./system/src/newlib/assert.o
 .debug_macro   0x0001c19e       0x1c ./system/src/newlib/assert.o
 .debug_macro   0x0001c1ba      0x19f ./system/src/diag/Trace.o
 .debug_macro   0x0001c359       0x52 ./system/src/diag/Trace.o
 .debug_macro   0x0001c3ab       0x16 ./system/src/diag/Trace.o
 .debug_macro   0x0001c3c1      0x508 ./system/src/diag/trace_impl.o
 .debug_macro   0x0001c8c9       0x22 ./system/src/diag/trace_impl.o
 .debug_macro   0x0001c8eb      0x4cc ./system/src/cortexm/_initialize_hardware.o
 .debug_macro   0x0001cdb7      0x521 ./system/src/cortexm/exception_handlers.o
 .debug_macro   0x0001d2d8       0x3b ./system/src/cortexm/exception_handlers.o
 .debug_macro   0x0001d313      0x4c8 ./system/src/cmsis/system_stm32f7xx.o
 .debug_macro   0x0001d7db       0x34 ./system/src/cmsis/vectors_stm32f746xx.o
 .debug_macro   0x0001d80f      0x4cb ./src/_initialize_hardware.o
 .debug_macro   0x0001dcda      0x136 ./src/_initialize_hardware.o
 .debug_macro   0x0001de10      0x1ad ./src/main.o
 .debug_macro   0x0001dfbd      0x4d1 ./src/stm32f7xx_hal_msp.o
